2026/05/31 22:23:21 logger.go:37: WARN: Failed to get active window on Wayland: no suitable tool found (Hyprctl, Wlrctl)
2026/05/31 22:23:21 logger.go:37: WARN: Failed to get active window on Wayland: no suitable tool found (Hyprctl, Wlrctl)
2026/05/31 22:34:08 logger.go:37: WARN: Failed to get active window on Wayland: no suitable tool found (Hyprctl, Wlrctl)
2026/05/31 22:34:08 logger.go:37: WARN: Failed to get active window on Wayland: no suitable tool found (Hyprctl, Wlrctl)
2026/05/31 22:43:54 logger.go:37: WARN: Failed to get active window on Wayland: no suitable tool found (Hyprctl, Wlrctl)
2026/05/31 22:43:54 logger.go:37: WARN: Failed to get active window on Wayland: no suitable tool found (Hyprctl, Wlrctl)
2026/06/01 08:46:46 logger.go:37: WARN: Failed to get active window on Wayland: no suitable tool found (Hyprctl, Wlrctl)
2026/06/01 08:46:46 logger.go:37: WARN: Failed to get active window on Wayland: no suitable tool found (Hyprctl, Wlrctl)
2026/06/01 09:20:53 logger.go:37: WARN: Failed to get active window on Wayland: no suitable tool found (Hyprctl, Wlrctl)
2026/06/01 09:20:53 logger.go:37: WARN: Failed to get active window on Wayland: no suitable tool found (Hyprctl, Wlrctl)
2026/06/01 09:23:41 logger.go:37: WARN: Failed to get active window on Wayland: no suitable tool found (Hyprctl, Wlrctl)
2026/06/01 09:23:41 logger.go:37: WARN: Failed to get active window on Wayland: no suitable tool found (Hyprctl, Wlrctl)
2026/06/01 09:27:49 logger.go:37: WARN: Failed to get active window on Wayland: no suitable tool found (Hyprctl, Wlrctl)
2026/06/01 09:27:49 logger.go:37: WARN: Failed to get active window on Wayland: no suitable tool found (Hyprctl, Wlrctl)
2026/06/01 09:42:57 logger.go:37: WARN: Failed to get active window on Wayland: no suitable tool found (Hyprctl, Wlrctl)
2026/06/01 09:42:57 logger.go:37: WARN: Failed to get active window on Wayland: no suitable tool found (Hyprctl, Wlrctl)
2026/06/01 09:57:38 logger.go:37: WARN: Failed to get active window on Wayland: no suitable tool found (Hyprctl, Wlrctl)
2026/06/01 09:57:38 logger.go:37: WARN: Failed to get active window on Wayland: no suitable tool found (Hyprctl, Wlrctl)
2026/06/01 10:00:16 logger.go:37: WARN: Failed to get active window on Wayland: no suitable tool found (Hyprctl, Wlrctl)
2026/06/01 10:00:16 logger.go:37: WARN: Failed to get active window on Wayland: no suitable tool found (Hyprctl, Wlrctl)
2026/06/01 14:00:17 logger.go:37: WARN: Failed to get active window on Wayland: no suitable tool found (Hyprctl, Wlrctl)
2026/06/01 14:00:17 logger.go:37: WARN: Failed to get active window on Wayland: no suitable tool found (Hyprctl, Wlrctl)
2026/06/01 14:21:40 logger.go:37: WARN: Failed to get active window on Wayland: no suitable tool found (Hyprctl, Wlrctl)
2026/06/01 14:21:40 logger.go:37: WARN: Failed to get active window on Wayland: no suitable tool found (Hyprctl, Wlrctl)
2026/06/01 14:29:42 logger.go:37: WARN: Failed to get active window on Wayland: no suitable tool found (Hyprctl, Wlrctl)
2026/06/01 14:29:42 logger.go:37: WARN: Failed to get active window on Wayland: no suitable tool found (Hyprctl, Wlrctl)
2026/06/01 14:42:23 logger.go:37: WARN: Failed to get active window on Wayland: no suitable tool found (Hyprctl, Wlrctl)
2026/06/01 14:42:23 logger.go:37: WARN: Failed to get active window on Wayland: no suitable tool found (Hyprctl, Wlrctl)
2026/06/02 09:35:11 logger.go:37: WARN: Failed to get active window on Wayland: no suitable tool found (Hyprctl, Wlrctl)
2026/06/02 09:35:11 logger.go:37: WARN: Failed to get active window on Wayland: no suitable tool found (Hyprctl, Wlrctl)
2026/06/02 09:47:28 logger.go:37: WARN: Failed to get active window on Wayland: no suitable tool found (Hyprctl, Wlrctl)
2026/06/02 09:47:28 logger.go:37: WARN: Failed to get active window on Wayland: no suitable tool found (Hyprctl, Wlrctl)
2026/06/02 09:53:48 logger.go:37: WARN: Failed to get active window on Wayland: no suitable tool found (Hyprctl, Wlrctl)
2026/06/02 09:53:48 logger.go:37: WARN: Failed to get active window on Wayland: no suitable tool found (Hyprctl, Wlrctl)
2026/06/04 13:09:08 logger.go:37: WARN: Failed to get active window on Wayland: no suitable tool found (Hyprctl, Wlrctl)
2026/06/04 13:09:08 logger.go:37: WARN: Failed to get active window on Wayland: no suitable tool found (Hyprctl, Wlrctl)
2026/06/04 21:06:00 logger.go:37: WARN: Failed to get active window on Wayland: no suitable tool found (Hyprctl, Wlrctl)
2026/06/04 21:06:00 logger.go:37: WARN: Failed to get active window on Wayland: no suitable tool found (Hyprctl, Wlrctl)
2026/06/05 09:45:06 logger.go:37: WARN: Failed to get active window on Wayland: no suitable tool found (Hyprctl, Wlrctl)
2026/06/05 09:45:06 logger.go:37: WARN: Failed to get active window on Wayland: no suitable tool found (Hyprctl, Wlrctl)
2026/06/05 19:30:23 logger.go:37: WARN: Failed to get active window on Wayland: no suitable tool found (Hyprctl, Wlrctl)
2026/06/05 19:30:23 logger.go:37: WARN: Failed to get active window on Wayland: no suitable tool found (Hyprctl, Wlrctl)
2026/06/06 12:52:46 logger.go:21: ERROR: failed to create virtual keyboard: failed to create virtual keyboard device: could not open device file
2026/06/06 12:53:05 logger.go:21: ERROR: failed to create virtual keyboard: failed to create virtual keyboard device: could not open device file
2026/06/06 13:52:17 logger.go:21: ERROR: failed to create virtual keyboard: failed to create virtual keyboard device: could not open device file
2026/06/07 10:25:34 logger.go:37: WARN: Failed to get active window on Wayland: no suitable tool found (Hyprctl, Wlrctl)
2026/06/07 10:25:34 logger.go:37: WARN: Failed to get active window on Wayland: no suitable tool found (Hyprctl, Wlrctl)
2026/06/08 09:24:27 logger.go:37: WARN: Failed to get active window on Wayland: no suitable tool found (Hyprctl, Wlrctl)
2026/06/08 09:24:27 logger.go:37: WARN: Failed to get active window on Wayland: no suitable tool found (Hyprctl, Wlrctl)
2026/06/08 12:32:16 logger.go:37: WARN: Failed to get active window on Wayland: no suitable tool found (Hyprctl, Wlrctl)
2026/06/08 12:32:16 logger.go:37: WARN: Failed to get active window on Wayland: no suitable tool found (Hyprctl, Wlrctl)
2026/06/08 12:35:45 logger.go:21: ERROR: failed to create virtual keyboard: failed to create virtual keyboard device: could not open device file
2026/06/08 13:55:00 logger.go:37: WARN: Failed to get active window on Wayland: no suitable tool found (Hyprctl, Wlrctl)
2026/06/08 13:55:00 logger.go:37: WARN: Failed to get active window on Wayland: no suitable tool found (Hyprctl, Wlrctl)
2026/06/08 15:31:40 logger.go:21: ERROR: failed to create virtual keyboard: failed to create virtual keyboard device: could not open device file
2026/06/08 15:31:47 logger.go:21: ERROR: failed to create virtual keyboard: failed to create virtual keyboard device: could not open device file
2026/06/08 17:08:29 logger.go:21: ERROR: failed to create virtual keyboard: failed to create virtual keyboard device: could not open device file
2026/06/08 17:16:33 logger.go:21: ERROR: failed to create virtual keyboard: failed to create virtual keyboard device: could not open device file
2026/06/08 17:22:07 logger.go:21: ERROR: failed to create virtual keyboard: failed to create virtual keyboard device: could not open device file
2026/06/09 11:39:22 logger.go:37: WARN: Failed to get active window on Wayland: no suitable tool found (Hyprctl, Wlrctl)
2026/06/09 11:39:22 logger.go:37: WARN: Failed to get active window on Wayland: no suitable tool found (Hyprctl, Wlrctl)
2026/06/09 13:35:53 logger.go:21: ERROR: failed to create virtual keyboard: failed to create virtual keyboard device: could not open device file
2026/06/09 13:39:19 logger.go:21: ERROR: failed to create virtual keyboard: failed to create virtual keyboard device: could not open device file
2026/06/10 15:56:00 logger.go:21: ERROR: failed to create virtual keyboard: failed to create virtual keyboard device: could not open device file
2026/06/10 15:56:04 logger.go:21: ERROR: failed to create virtual keyboard: failed to create virtual keyboard device: could not open device file
2026/06/10 18:35:08 logger.go:21: ERROR: EOF
2026/06/11 08:56:07 logger.go:21: ERROR: failed to create virtual keyboard: failed to create virtual keyboard device: could not open device file
2026/06/12 09:23:06 logger.go:37: WARN: Failed to get active window on Wayland: no suitable tool found (Hyprctl, Wlrctl)
2026/06/12 09:23:06 logger.go:37: WARN: Failed to get active window on Wayland: no suitable tool found (Hyprctl, Wlrctl)
2026/06/13 08:37:14 logger.go:37: WARN: Failed to get active window on Wayland: no suitable tool found (Hyprctl, Wlrctl)
2026/06/13 08:37:14 logger.go:37: WARN: Failed to get active window on Wayland: no suitable tool found (Hyprctl, Wlrctl)
2026/06/13 08:37:57 logger.go:37: WARN: Failed to get active window on Wayland: no suitable tool found (Hyprctl, Wlrctl)
2026/06/13 08:37:57 logger.go:37: WARN: Failed to get active window on Wayland: no suitable tool found (Hyprctl, Wlrctl)
2026/06/13 08:53:59 logger.go:37: WARN: Failed to get active window on Wayland: no suitable tool found (Hyprctl, Wlrctl)
2026/06/13 08:53:59 logger.go:37: WARN: Failed to get active window on Wayland: no suitable tool found (Hyprctl, Wlrctl)
2026/06/13 09:12:09 logger.go:37: WARN: Failed to get active window on Wayland: no suitable tool found (Hyprctl, Wlrctl)
2026/06/13 09:12:09 logger.go:37: WARN: Failed to get active window on Wayland: no suitable tool found (Hyprctl, Wlrctl)
2026/06/13 12:38:32 logger.go:37: WARN: Failed to get active window on Wayland: no suitable tool found (Hyprctl, Wlrctl)
2026/06/13 12:38:32 logger.go:37: WARN: Failed to get active window on Wayland: no suitable tool found (Hyprctl, Wlrctl)
2026/06/13 13:16:04 logger.go:37: WARN: Failed to get active window on Wayland: no suitable tool found (Hyprctl, Wlrctl)
2026/06/13 13:16:04 logger.go:37: WARN: Failed to get active window on Wayland: no suitable tool found (Hyprctl, Wlrctl)
2026/06/13 19:15:02 logger.go:37: WARN: Failed to get active window on Wayland: no suitable tool found (Hyprctl, Wlrctl)
2026/06/13 19:15:02 logger.go:37: WARN: Failed to get active window on Wayland: no suitable tool found (Hyprctl, Wlrctl)
2026/06/13 22:59:21 logger.go:37: WARN: Failed to get active window on Wayland: no suitable tool found (Hyprctl, Wlrctl)
2026/06/13 22:59:21 logger.go:37: WARN: Failed to get active window on Wayland: no suitable tool found (Hyprctl, Wlrctl)
2026/06/13 23:21:27 logger.go:37: WARN: Failed to get active window on Wayland: no suitable tool found (Hyprctl, Wlrctl)
2026/06/13 23:21:27 logger.go:37: WARN: Failed to get active window on Wayland: no suitable tool found (Hyprctl, Wlrctl)
2026/06/13 23:22:21 logger.go:37: WARN: Failed to get active window on Wayland: no suitable tool found (Hyprctl, Wlrctl)
2026/06/13 23:22:21 logger.go:37: WARN: Failed to get active window on Wayland: no suitable tool found (Hyprctl, Wlrctl)
2026/06/14 00:35:56 logger.go:37: WARN: Failed to get active window on Wayland: no suitable tool found (Hyprctl, Wlrctl)
2026/06/14 00:35:56 logger.go:37: WARN: Failed to get active window on Wayland: no suitable tool found (Hyprctl, Wlrctl)
2026/06/14 18:35:36 logger.go:37: WARN: Failed to get active window on Wayland: no suitable tool found (Hyprctl, Wlrctl)
2026/06/14 18:35:36 logger.go:37: WARN: Failed to get active window on Wayland: no suitable tool found (Hyprctl, Wlrctl)
2026/06/14 18:39:36 logger.go:37: WARN: Failed to get active window on Wayland: no suitable tool found (Hyprctl, Wlrctl)
2026/06/14 18:39:36 logger.go:37: WARN: Failed to get active window on Wayland: no suitable tool found (Hyprctl, Wlrctl)
2026/06/14 19:05:52 logger.go:37: WARN: Failed to get active window on Wayland: no suitable tool found (Hyprctl, Wlrctl)
2026/06/14 19:05:52 logger.go:37: WARN: Failed to get active window on Wayland: no suitable tool found (Hyprctl, Wlrctl)
2026/06/14 19:16:17 logger.go:37: WARN: Failed to get active window on Wayland: no suitable tool found (Hyprctl, Wlrctl)
2026/06/14 19:16:17 logger.go:37: WARN: Failed to get active window on Wayland: no suitable tool found (Hyprctl, Wlrctl)
2026/06/14 19:32:23 logger.go:37: WARN: Failed to get active window on Wayland: no suitable tool found (Hyprctl, Wlrctl)
2026/06/14 19:32:23 logger.go:37: WARN: Failed to get active window on Wayland: no suitable tool found (Hyprctl, Wlrctl)
2026/06/14 19:48:49 logger.go:37: WARN: Failed to get active window on Wayland: no suitable tool found (Hyprctl, Wlrctl)
2026/06/14 19:48:49 logger.go:37: WARN: Failed to get active window on Wayland: no suitable tool found (Hyprctl, Wlrctl)
2026/06/15 18:30:06 logger.go:21: ERROR: failed to create virtual keyboard: failed to create virtual keyboard device: could not open device file
2026/06/15 21:57:23 logger.go:37: WARN: Failed to get active window on Wayland: no suitable tool found (Hyprctl, Wlrctl)
2026/06/15 21:57:23 logger.go:37: WARN: Failed to get active window on Wayland: no suitable tool found (Hyprctl, Wlrctl)
2026/06/15 22:15:18 logger.go:37: WARN: Failed to get active window on Wayland: no suitable tool found (Hyprctl, Wlrctl)
2026/06/15 22:15:18 logger.go:37: WARN: Failed to get active window on Wayland: no suitable tool found (Hyprctl, Wlrctl)
2026/06/15 22:16:57 logger.go:37: WARN: Failed to get active window on Wayland: no suitable tool found (Hyprctl, Wlrctl)
2026/06/15 22:16:57 logger.go:37: WARN: Failed to get active window on Wayland: no suitable tool found (Hyprctl, Wlrctl)
2026/06/16 14:08:16 logger.go:21: ERROR: failed to create virtual keyboard: failed to create virtual keyboard device: could not open device file
2026/06/17 10:16:49 logger.go:37: WARN: Failed to get active window on Wayland: no suitable tool found (Hyprctl, Wlrctl)
2026/06/17 10:16:49 logger.go:37: WARN: Failed to get active window on Wayland: no suitable tool found (Hyprctl, Wlrctl)
2026/06/18 09:48:57 logger.go:37: WARN: Failed to get active window on Wayland: no suitable tool found (Hyprctl, Wlrctl)
2026/06/18 09:48:57 logger.go:37: WARN: Failed to get active window on Wayland: no suitable tool found (Hyprctl, Wlrctl)
2026/06/18 18:19:08 logger.go:21: ERROR: failed to create virtual keyboard: failed to create virtual keyboard device: could not open device file
2026/06/18 18:19:22 logger.go:21: ERROR: failed to create virtual keyboard: failed to create virtual keyboard device: could not open device file
2026/06/19 16:09:51 logger.go:21: ERROR: failed to create virtual keyboard: failed to create virtual keyboard device: could not open device file
2026/06/19 20:44:06 logger.go:37: WARN: Failed to get active window on Wayland: no suitable tool found (Hyprctl, Wlrctl)
2026/06/19 20:44:06 logger.go:37: WARN: Failed to get active window on Wayland: no suitable tool found (Hyprctl, Wlrctl)
2026/06/20 09:48:55 logger.go:37: WARN: Failed to get active window on Wayland: no suitable tool found (Hyprctl, Wlrctl)
2026/06/20 09:48:55 logger.go:37: WARN: Failed to get active window on Wayland: no suitable tool found (Hyprctl, Wlrctl)
2026/06/20 13:24:15 logger.go:37: WARN: Failed to get active window on Wayland: no suitable tool found (Hyprctl, Wlrctl)
2026/06/20 13:24:15 logger.go:37: WARN: Failed to get active window on Wayland: no suitable tool found (Hyprctl, Wlrctl)
2026/06/20 17:50:32 logger.go:37: WARN: Failed to get active window on Wayland: no suitable tool found (Hyprctl, Wlrctl)
2026/06/20 17:50:32 logger.go:37: WARN: Failed to get active window on Wayland: no suitable tool found (Hyprctl, Wlrctl)
2026/06/20 19:40:46 logger.go:21: ERROR: failed to create virtual keyboard: failed to create virtual keyboard device: could not open device file
2026/06/20 19:40:52 logger.go:21: ERROR: failed to create virtual keyboard: failed to create virtual keyboard device: could not open device file
2026/06/20 19:47:15 logger.go:21: ERROR: failed to create virtual keyboard: failed to create virtual keyboard device: could not open device file
2026/06/20 20:30:47 logger.go:21: ERROR: failed to create virtual keyboard: failed to create virtual keyboard device: could not open device file
2026/06/21 20:51:57 logger.go:37: WARN: Failed to get active window on Wayland: no suitable tool found (Hyprctl, Wlrctl)
2026/06/21 20:51:57 logger.go:37: WARN: Failed to get active window on Wayland: no suitable tool found (Hyprctl, Wlrctl)
2026/06/22 10:50:16 logger.go:37: WARN: Failed to get active window on Wayland: no suitable tool found (Hyprctl, Wlrctl)
2026/06/22 10:50:16 logger.go:37: WARN: Failed to get active window on Wayland: no suitable tool found (Hyprctl, Wlrctl)
2026/06/22 11:57:53 logger.go:37: WARN: Failed to get active window on Wayland: no suitable tool found (Hyprctl, Wlrctl)
2026/06/22 11:57:53 logger.go:37: WARN: Failed to get active window on Wayland: no suitable tool found (Hyprctl, Wlrctl)
2026/06/22 12:05:45 logger.go:37: WARN: Failed to get active window on Wayland: no suitable tool found (Hyprctl, Wlrctl)
2026/06/22 12:05:45 logger.go:37: WARN: Failed to get active window on Wayland: no suitable tool found (Hyprctl, Wlrctl)
2026/06/22 12:32:58 logger.go:21: ERROR: failed to create virtual keyboard: failed to create virtual keyboard device: could not open device file
2026/06/23 11:51:36 logger.go:21: ERROR: failed to create virtual keyboard: failed to create virtual keyboard device: could not open device file
2026/06/23 11:51:56 logger.go:21: ERROR: failed to create virtual keyboard: failed to create virtual keyboard device: could not open device file
2026/06/23 11:52:00 logger.go:21: ERROR: failed to create virtual keyboard: failed to create virtual keyboard device: could not open device file
2026/06/23 11:52:06 logger.go:21: ERROR: failed to create virtual keyboard: failed to create virtual keyboard device: could not open device file
2026/06/23 15:49:26 logger.go:37: WARN: Failed to get active window on Wayland: no suitable tool found (Hyprctl, Wlrctl)
2026/06/23 15:49:26 logger.go:37: WARN: Failed to get active window on Wayland: no suitable tool found (Hyprctl, Wlrctl)
2026/06/23 15:51:42 logger.go:21: ERROR: failed to create virtual keyboard: failed to create virtual keyboard device: could not open device file
2026/06/23 15:52:49 logger.go:37: WARN: Failed to get active window on Wayland: no suitable tool found (Hyprctl, Wlrctl)
2026/06/23 15:52:49 logger.go:37: WARN: Failed to get active window on Wayland: no suitable tool found (Hyprctl, Wlrctl)
2026/06/23 16:01:31 logger.go:37: WARN: Failed to get active window on Wayland: no suitable tool found (Hyprctl, Wlrctl)
2026/06/23 16:01:31 logger.go:37: WARN: Failed to get active window on Wayland: no suitable tool found (Hyprctl, Wlrctl)
2026/06/24 10:04:13 logger.go:37: WARN: Failed to get active window on Wayland: no suitable tool found (Hyprctl, Wlrctl)
2026/06/24 10:04:13 logger.go:37: WARN: Failed to get active window on Wayland: no suitable tool found (Hyprctl, Wlrctl)
2026/06/24 11:36:46 logger.go:37: WARN: Failed to get active window on Wayland: no suitable tool found (Hyprctl, Wlrctl)
2026/06/24 11:36:46 logger.go:37: WARN: Failed to get active window on Wayland: no suitable tool found (Hyprctl, Wlrctl)
2026/06/24 13:48:35 logger.go:21: ERROR: failed to create virtual keyboard: failed to create virtual keyboard device: could not open device file
2026/06/24 14:02:23 logger.go:21: ERROR: failed to create virtual keyboard: failed to create virtual keyboard device: could not open device file
2026/06/24 14:02:56 logger.go:21: ERROR: failed to create virtual keyboard: failed to create virtual keyboard device: could not open device file
2026/06/24 14:11:41 logger.go:37: WARN: Failed to get active window on Wayland: no suitable tool found (Hyprctl, Wlrctl)
2026/06/24 14:11:41 logger.go:37: WARN: Failed to get active window on Wayland: no suitable tool found (Hyprctl, Wlrctl)
2026/06/24 14:12:56 logger.go:37: WARN: Failed to get active window on Wayland: no suitable tool found (Hyprctl, Wlrctl)
2026/06/24 14:12:56 logger.go:37: WARN: Failed to get active window on Wayland: no suitable tool found (Hyprctl, Wlrctl)
2026/06/25 10:04:10 logger.go:37: WARN: Failed to get active window on Wayland: no suitable tool found (Hyprctl, Wlrctl)
2026/06/25 10:04:10 logger.go:37: WARN: Failed to get active window on Wayland: no suitable tool found (Hyprctl, Wlrctl)
2026/06/25 11:37:35 logger.go:21: ERROR: failed to create virtual keyboard: failed to create virtual keyboard device: could not open device file
2026/06/25 13:01:38 logger.go:21: ERROR: failed to create virtual keyboard: failed to create virtual keyboard device: could not open device file
2026/06/25 13:01:43 logger.go:21: ERROR: failed to create virtual keyboard: failed to create virtual keyboard device: could not open device file
2026/06/25 13:02:34 logger.go:21: ERROR: failed to create virtual keyboard: failed to create virtual keyboard device: could not open device file
2026/06/25 13:02:37 logger.go:21: ERROR: failed to create virtual keyboard: failed to create virtual keyboard device: could not open device file
2026/06/25 14:43:13 logger.go:21: ERROR: failed to create virtual keyboard: failed to create virtual keyboard device: could not open device file
2026/06/25 14:53:12 logger.go:21: ERROR: failed to create virtual keyboard: failed to create virtual keyboard device: could not open device file
2026/06/25 15:18:02 logger.go:21: ERROR: failed to create virtual keyboard: failed to create virtual keyboard device: could not open device file
2026/06/25 15:18:46 logger.go:21: ERROR: failed to create virtual keyboard: failed to create virtual keyboard device: could not open device file
2026/06/25 16:22:29 logger.go:21: ERROR: failed to create virtual keyboard: failed to create virtual keyboard device: could not open device file
2026/06/25 16:22:41 logger.go:21: ERROR: failed to create virtual keyboard: failed to create virtual keyboard device: could not open device file
2026/06/25 20:10:07 logger.go:37: WARN: Failed to get active window on Wayland: no suitable tool found (Hyprctl, Wlrctl)
2026/06/25 20:10:07 logger.go:37: WARN: Failed to get active window on Wayland: no suitable tool found (Hyprctl, Wlrctl)
2026/06/26 11:05:25 logger.go:21: ERROR: failed to create virtual keyboard: failed to create virtual keyboard device: could not open device file
2026/06/26 12:51:54 logger.go:21: ERROR: failed to create virtual keyboard: failed to create virtual keyboard device: could not open device file
2026/06/27 09:33:19 logger.go:37: WARN: Failed to get active window on Wayland: no suitable tool found (Hyprctl, Wlrctl)
2026/06/27 09:33:19 logger.go:37: WARN: Failed to get active window on Wayland: no suitable tool found (Hyprctl, Wlrctl)
2026/06/27 17:21:31 logger.go:37: WARN: Failed to get active window on Wayland: no suitable tool found (Hyprctl, Wlrctl)
2026/06/27 17:21:31 logger.go:37: WARN: Failed to get active window on Wayland: no suitable tool found (Hyprctl, Wlrctl)
2026/06/27 17:26:45 logger.go:37: WARN: Failed to get active window on Wayland: no suitable tool found (Hyprctl, Wlrctl)
2026/06/27 17:26:45 logger.go:37: WARN: Failed to get active window on Wayland: no suitable tool found (Hyprctl, Wlrctl)
2026/06/28 13:11:23 logger.go:21: ERROR: EOF
2026/06/28 13:11:30 logger.go:21: ERROR: unexpected EOF
2026/06/28 13:11:36 logger.go:21: ERROR: invalid character 'r' in \u hexadecimal character escape
2026/06/28 13:11:46 logger.go:21: ERROR: EOF
2026/06/28 13:11:46 logger.go:21: ERROR: EOF
2026/06/28 13:11:50 logger.go:21: ERROR: unexpected EOF
2026/06/28 13:11:59 logger.go:21: ERROR: EOF
2026/06/28 13:12:10 logger.go:21: ERROR: EOF
2026/06/28 14:18:12 logger.go:21: ERROR: failed to delete image file: /home/skibuddy/.config/clipse/tmp_files/836-186947345.png
2026/06/28 14:35:43 logger.go:21: ERROR: failed to create virtual keyboard: failed to create virtual keyboard device: could not open device file
2026/06/29 08:53:14 logger.go:37: WARN: Failed to get active window on Wayland: no suitable tool found (Hyprctl, Wlrctl)
2026/06/29 08:53:14 logger.go:37: WARN: Failed to get active window on Wayland: no suitable tool found (Hyprctl, Wlrctl)
2026/06/30 09:35:32 logger.go:37: WARN: Failed to get active window on Wayland: no suitable tool found (Hyprctl, Wlrctl)
2026/06/30 09:35:32 logger.go:37: WARN: Failed to get active window on Wayland: no suitable tool found (Hyprctl, Wlrctl)
2026/07/02 08:35:17 logger.go:37: WARN: Failed to get active window on Wayland: no suitable tool found (Hyprctl, Wlrctl)
2026/07/02 08:35:17 logger.go:37: WARN: Failed to get active window on Wayland: no suitable tool found (Hyprctl, Wlrctl)
2026/07/02 08:47:30 logger.go:37: WARN: Failed to get active window on Wayland: no suitable tool found (Hyprctl, Wlrctl)
2026/07/02 08:47:30 logger.go:37: WARN: Failed to get active window on Wayland: no suitable tool found (Hyprctl, Wlrctl)
2026/07/02 08:48:43 logger.go:37: WARN: Failed to get active window on Wayland: no suitable tool found (Hyprctl, Wlrctl)
2026/07/02 08:48:43 logger.go:37: WARN: Failed to get active window on Wayland: no suitable tool found (Hyprctl, Wlrctl)
2026/07/02 08:51:50 logger.go:37: WARN: Failed to get active window on Wayland: no suitable tool found (Hyprctl, Wlrctl)
2026/07/02 08:51:50 logger.go:37: WARN: Failed to get active window on Wayland: no suitable tool found (Hyprctl, Wlrctl)
2026/07/02 11:24:34 logger.go:37: WARN: Failed to get active window on Wayland: no suitable tool found (Hyprctl, Wlrctl)
2026/07/02 11:24:34 logger.go:37: WARN: Failed to get active window on Wayland: no suitable tool found (Hyprctl, Wlrctl)
2026/07/02 13:06:19 logger.go:37: WARN: Failed to get active window on Wayland: no suitable tool found (Hyprctl, Wlrctl)
2026/07/02 13:06:19 logger.go:37: WARN: Failed to get active window on Wayland: no suitable tool found (Hyprctl, Wlrctl)
2026/07/02 14:50:56 logger.go:21: ERROR: failed to create virtual keyboard: failed to create virtual keyboard device: could not open device file
2026/07/02 16:33:40 logger.go:21: ERROR: failed to create virtual keyboard: failed to create virtual keyboard device: could not open device file
2026/07/02 16:37:07 logger.go:21: ERROR: failed to create virtual keyboard: failed to create virtual keyboard device: could not open device file
2026/07/02 16:40:01 logger.go:21: ERROR: failed to create virtual keyboard: failed to create virtual keyboard device: could not open device file
2026/07/02 16:40:09 logger.go:21: ERROR: failed to create virtual keyboard: failed to create virtual keyboard device: could not open device file
2026/07/02 16:43:24 logger.go:21: ERROR: failed to create virtual keyboard: failed to create virtual keyboard device: could not open device file
2026/07/02 16:48:48 logger.go:21: ERROR: failed to create virtual keyboard: failed to create virtual keyboard device: could not open device file
2026/07/02 16:54:30 logger.go:21: ERROR: failed to create virtual keyboard: failed to create virtual keyboard device: could not open device file
2026/07/02 19:29:37 logger.go:37: WARN: Failed to get active window on Wayland: no suitable tool found (Hyprctl, Wlrctl)
2026/07/02 19:29:37 logger.go:37: WARN: Failed to get active window on Wayland: no suitable tool found (Hyprctl, Wlrctl)
2026/07/04 18:24:51 logger.go:37: WARN: Failed to get active window on Wayland: no suitable tool found (Hyprctl, Wlrctl)
2026/07/04 18:24:51 logger.go:37: WARN: Failed to get active window on Wayland: no suitable tool found (Hyprctl, Wlrctl)
2026/07/06 08:50:52 logger.go:37: WARN: Failed to get active window on Wayland: no suitable tool found (Hyprctl, Wlrctl)
2026/07/06 08:50:52 logger.go:37: WARN: Failed to get active window on Wayland: no suitable tool found (Hyprctl, Wlrctl)
2026/07/06 08:53:35 logger.go:37: WARN: Failed to get active window on Wayland: no suitable tool found (Hyprctl, Wlrctl)
2026/07/06 08:53:35 logger.go:37: WARN: Failed to get active window on Wayland: no suitable tool found (Hyprctl, Wlrctl)
2026/07/06 08:58:51 logger.go:37: WARN: Failed to get active window on Wayland: no suitable tool found (Hyprctl, Wlrctl)
2026/07/06 08:58:51 logger.go:37: WARN: Failed to get active window on Wayland: no suitable tool found (Hyprctl, Wlrctl)
2026/07/06 12:46:51 logger.go:37: WARN: Failed to get active window on Wayland: no suitable tool found (Hyprctl, Wlrctl)
2026/07/06 12:46:51 logger.go:37: WARN: Failed to get active window on Wayland: no suitable tool found (Hyprctl, Wlrctl)
2026/07/06 14:33:51 logger.go:37: WARN: Failed to get active window on Wayland: no suitable tool found (Hyprctl, Wlrctl)
2026/07/06 14:33:51 logger.go:37: WARN: Failed to get active window on Wayland: no suitable tool found (Hyprctl, Wlrctl)
2026/07/07 12:53:31 logger.go:37: WARN: Failed to get active window on Wayland: no suitable tool found (Hyprctl, Wlrctl)
2026/07/07 12:53:31 logger.go:37: WARN: Failed to get active window on Wayland: no suitable tool found (Hyprctl, Wlrctl)
2026/07/07 14:54:19 logger.go:37: WARN: Failed to get active window on Wayland: no suitable tool found (Hyprctl, Wlrctl)
2026/07/07 14:54:19 logger.go:37: WARN: Failed to get active window on Wayland: no suitable tool found (Hyprctl, Wlrctl)
2026/07/07 16:56:16 logger.go:37: WARN: Failed to get active window on Wayland: no suitable tool found (Hyprctl, Wlrctl)
2026/07/07 16:56:16 logger.go:37: WARN: Failed to get active window on Wayland: no suitable tool found (Hyprctl, Wlrctl)
2026/07/07 17:14:04 logger.go:37: WARN: Failed to get active window on Wayland: no suitable tool found (Hyprctl, Wlrctl)
2026/07/07 17:14:04 logger.go:37: WARN: Failed to get active window on Wayland: no suitable tool found (Hyprctl, Wlrctl)
2026/07/08 16:43:36 logger.go:37: WARN: Failed to get active window on Wayland: no suitable tool found (Hyprctl, Wlrctl)
2026/07/08 16:43:36 logger.go:37: WARN: Failed to get active window on Wayland: no suitable tool found (Hyprctl, Wlrctl)
2026/07/08 17:06:15 logger.go:37: WARN: Failed to get active window on Wayland: no suitable tool found (Hyprctl, Wlrctl)
2026/07/08 17:06:15 logger.go:37: WARN: Failed to get active window on Wayland: no suitable tool found (Hyprctl, Wlrctl)
2026/07/08 17:07:03 logger.go:37: WARN: Failed to get active window on Wayland: no suitable tool found (Hyprctl, Wlrctl)
2026/07/08 17:07:03 logger.go:37: WARN: Failed to get active window on Wayland: no suitable tool found (Hyprctl, Wlrctl)
2026/07/08 17:18:57 logger.go:37: WARN: Failed to get active window on Wayland: no suitable tool found (Hyprctl, Wlrctl)
2026/07/08 17:18:57 logger.go:37: WARN: Failed to get active window on Wayland: no suitable tool found (Hyprctl, Wlrctl)
2026/07/08 17:19:09 logger.go:37: WARN: Failed to get active window on Wayland: no suitable tool found (Hyprctl, Wlrctl)
2026/07/08 17:19:09 logger.go:37: WARN: Failed to get active window on Wayland: no suitable tool found (Hyprctl, Wlrctl)
2026/07/08 17:24:17 logger.go:37: WARN: Failed to get active window on Wayland: no suitable tool found (Hyprctl, Wlrctl)
2026/07/08 17:24:17 logger.go:37: WARN: Failed to get active window on Wayland: no suitable tool found (Hyprctl, Wlrctl)
2026/07/09 09:01:47 logger.go:37: WARN: Failed to get active window on Wayland: no suitable tool found (Hyprctl, Wlrctl)
2026/07/09 09:01:47 logger.go:37: WARN: Failed to get active window on Wayland: no suitable tool found (Hyprctl, Wlrctl)
2026/07/10 08:39:16 logger.go:37: WARN: Failed to get active window on Wayland: no suitable tool found (Hyprctl, Wlrctl)
2026/07/10 08:39:16 logger.go:37: WARN: Failed to get active window on Wayland: no suitable tool found (Hyprctl, Wlrctl)
2026/07/10 11:15:44 logger.go:37: WARN: Failed to get active window on Wayland: no suitable tool found (Hyprctl, Wlrctl)
2026/07/10 11:15:44 logger.go:37: WARN: Failed to get active window on Wayland: no suitable tool found (Hyprctl, Wlrctl)
2026/07/11 08:42:22 logger.go:37: WARN: Failed to get active window on Wayland: no suitable tool found (Hyprctl, Wlrctl)
2026/07/11 08:42:22 logger.go:37: WARN: Failed to get active window on Wayland: no suitable tool found (Hyprctl, Wlrctl)
2026/07/11 09:06:23 logger.go:37: WARN: Failed to get active window on Wayland: no suitable tool found (Hyprctl, Wlrctl)
2026/07/11 09:06:23 logger.go:37: WARN: Failed to get active window on Wayland: no suitable tool found (Hyprctl, Wlrctl)
2026/07/12 20:09:24 logger.go:37: WARN: Failed to get active window on Wayland: no suitable tool found (Hyprctl, Wlrctl)
2026/07/12 20:09:24 logger.go:37: WARN: Failed to get active window on Wayland: no suitable tool found (Hyprctl, Wlrctl)
2026/07/13 08:35:55 logger.go:37: WARN: Failed to get active window on Wayland: no suitable tool found (Hyprctl, Wlrctl)
2026/07/13 08:35:55 logger.go:37: WARN: Failed to get active window on Wayland: no suitable tool found (Hyprctl, Wlrctl)
2026/07/13 09:14:48 logger.go:37: WARN: Failed to get active window on Wayland: no suitable tool found (Hyprctl, Wlrctl)
2026/07/13 09:14:48 logger.go:37: WARN: Failed to get active window on Wayland: no suitable tool found (Hyprctl, Wlrctl)
2026/07/13 14:05:17 logger.go:37: WARN: Failed to get active window on Wayland: no suitable tool found (Hyprctl, Wlrctl)
2026/07/13 14:05:17 logger.go:37: WARN: Failed to get active window on Wayland: no suitable tool found (Hyprctl, Wlrctl)
2026/07/14 09:30:27 logger.go:37: WARN: Failed to get active window on Wayland: no suitable tool found (Hyprctl, Wlrctl)
2026/07/14 09:30:27 logger.go:37: WARN: Failed to get active window on Wayland: no suitable tool found (Hyprctl, Wlrctl)
2026/07/15 09:19:34 logger.go:37: WARN: Failed to get active window on Wayland: no suitable tool found (Hyprctl, Wlrctl)
2026/07/15 09:19:34 logger.go:37: WARN: Failed to get active window on Wayland: no suitable tool found (Hyprctl, Wlrctl)
2026/07/15 09:55:20 logger.go:21: ERROR: failed to create virtual keyboard: failed to create virtual keyboard device: could not open device file
2026/07/15 09:55:29 logger.go:21: ERROR: failed to create virtual keyboard: failed to create virtual keyboard device: could not open device file
2026/07/15 09:55:43 logger.go:21: ERROR: failed to create virtual keyboard: failed to create virtual keyboard device: could not open device file
2026/07/15 09:55:47 logger.go:21: ERROR: failed to create virtual keyboard: failed to create virtual keyboard device: could not open device file
2026/07/15 10:10:59 logger.go:21: ERROR: unexpected EOF
2026/07/15 12:25:56 logger.go:21: ERROR: failed to create virtual keyboard: failed to create virtual keyboard device: could not open device file
2026/07/15 12:26:07 logger.go:21: ERROR: failed to create virtual keyboard: failed to create virtual keyboard device: could not open device file
2026/07/15 16:06:30 logger.go:21: ERROR: failed to create virtual keyboard: failed to create virtual keyboard device: could not open device file
2026/07/16 19:07:10 logger.go:37: WARN: Failed to get active window on Wayland: no suitable tool found (Hyprctl, Wlrctl)
2026/07/16 19:07:10 logger.go:37: WARN: Failed to get active window on Wayland: no suitable tool found (Hyprctl, Wlrctl)
2026/07/16 19:21:34 logger.go:21: ERROR: failed to create virtual keyboard: failed to create virtual keyboard device: could not open device file
2026/07/17 10:20:59 logger.go:37: WARN: Failed to get active window on Wayland: no suitable tool found (Hyprctl, Wlrctl)
2026/07/17 10:20:59 logger.go:37: WARN: Failed to get active window on Wayland: no suitable tool found (Hyprctl, Wlrctl)
2026/07/17 13:35:37 logger.go:37: WARN: Failed to get active window on Wayland: no suitable tool found (Hyprctl, Wlrctl)
2026/07/17 13:35:37 logger.go:37: WARN: Failed to get active window on Wayland: no suitable tool found (Hyprctl, Wlrctl)
2026/07/17 15:38:08 logger.go:37: WARN: Failed to get active window on Wayland: no suitable tool found (Hyprctl, Wlrctl)
2026/07/17 15:38:08 logger.go:37: WARN: Failed to get active window on Wayland: no suitable tool found (Hyprctl, Wlrctl)
2026/07/17 15:39:16 logger.go:37: WARN: Failed to get active window on Wayland: no suitable tool found (Hyprctl, Wlrctl)
2026/07/17 15:39:16 logger.go:37: WARN: Failed to get active window on Wayland: no suitable tool found (Hyprctl, Wlrctl)
2026/07/17 18:55:51 logger.go:37: WARN: Failed to get active window on Wayland: no suitable tool found (Hyprctl, Wlrctl)
2026/07/17 18:55:51 logger.go:37: WARN: Failed to get active window on Wayland: no suitable tool found (Hyprctl, Wlrctl)
2026/07/18 20:26:46 logger.go:37: WARN: Failed to get active window on Wayland: no suitable tool found (Hyprctl, Wlrctl)
2026/07/18 20:26:46 logger.go:37: WARN: Failed to get active window on Wayland: no suitable tool found (Hyprctl, Wlrctl)
2026/07/19 09:13:19 logger.go:37: WARN: Failed to get active window on Wayland: no suitable tool found (Hyprctl, Wlrctl)
2026/07/19 09:13:19 logger.go:37: WARN: Failed to get active window on Wayland: no suitable tool found (Hyprctl, Wlrctl)
2026/07/19 09:21:58 logger.go:37: WARN: Failed to get active window on Wayland: no suitable tool found (Hyprctl, Wlrctl)
2026/07/19 09:21:58 logger.go:37: WARN: Failed to get active window on Wayland: no suitable tool found (Hyprctl, Wlrctl)
2026/07/19 09:28:59 logger.go:37: WARN: Failed to get active window on Wayland: no suitable tool found (Hyprctl, Wlrctl)
2026/07/19 09:28:59 logger.go:37: WARN: Failed to get active window on Wayland: no suitable tool found (Hyprctl, Wlrctl)
2026/07/19 21:03:20 logger.go:37: WARN: Failed to get active window on Wayland: no suitable tool found (Hyprctl, Wlrctl)
2026/07/19 21:03:20 logger.go:37: WARN: Failed to get active window on Wayland: no suitable tool found (Hyprctl, Wlrctl)
2026/07/21 08:21:42 logger.go:37: WARN: Failed to get active window on Wayland: no suitable tool found (Hyprctl, Wlrctl)
2026/07/21 08:21:42 logger.go:37: WARN: Failed to get active window on Wayland: no suitable tool found (Hyprctl, Wlrctl)
2026/07/21 09:17:08 logger.go:37: WARN: Failed to get active window on Wayland: no suitable tool found (Hyprctl, Wlrctl)
2026/07/21 09:17:08 logger.go:37: WARN: Failed to get active window on Wayland: no suitable tool found (Hyprctl, Wlrctl)
2026/07/21 19:49:08 logger.go:21: ERROR: failed to create virtual keyboard: failed to create virtual keyboard device: could not open device file
2026/07/21 19:52:48 logger.go:21: ERROR: failed to create virtual keyboard: failed to create virtual keyboard device: could not open device file
2026/07/21 19:56:50 logger.go:21: ERROR: failed to create virtual keyboard: failed to create virtual keyboard device: could not open device file
2026/07/21 19:56:53 logger.go:21: ERROR: failed to create virtual keyboard: failed to create virtual keyboard device: could not open device file
2026/07/22 08:41:33 logger.go:37: WARN: Failed to get active window on Wayland: no suitable tool found (Hyprctl, Wlrctl)
2026/07/22 08:41:33 logger.go:37: WARN: Failed to get active window on Wayland: no suitable tool found (Hyprctl, Wlrctl)
2026/07/22 13:33:07 logger.go:37: WARN: Failed to get active window on Wayland: no suitable tool found (Hyprctl, Wlrctl)
2026/07/22 13:33:07 logger.go:37: WARN: Failed to get active window on Wayland: no suitable tool found (Hyprctl, Wlrctl)
2026/07/22 19:53:48 logger.go:21: ERROR: failed to create virtual keyboard: failed to create virtual keyboard device: could not open device file
2026/07/22 19:54:43 logger.go:21: ERROR: failed to create virtual keyboard: failed to create virtual keyboard device: could not open device file
2026/07/22 19:55:45 logger.go:21: ERROR: failed to create virtual keyboard: failed to create virtual keyboard device: could not open device file
2026/07/23 17:53:52 logger.go:21: ERROR: failed to create virtual keyboard: failed to create virtual keyboard device: could not open device file
2026/07/23 18:38:20 logger.go:21: ERROR: failed to create virtual keyboard: failed to create virtual keyboard device: could not open device file
2026/07/23 18:40:50 logger.go:21: ERROR: failed to create virtual keyboard: failed to create virtual keyboard device: could not open device file
2026/07/24 19:45:39 logger.go:21: ERROR: failed to create virtual keyboard: failed to create virtual keyboard device: could not open device file
2026/07/25 10:58:20 logger.go:21: ERROR: failed to create virtual keyboard: failed to create virtual keyboard device: could not open device file
2026/07/25 11:01:37 logger.go:21: ERROR: failed to create virtual keyboard: failed to create virtual keyboard device: could not open device file
2026/07/25 11:02:21 logger.go:21: ERROR: failed to create virtual keyboard: failed to create virtual keyboard device: could not open device file
2026/07/25 11:02:46 logger.go:21: ERROR: failed to create virtual keyboard: failed to create virtual keyboard device: could not open device file
2026/07/25 11:13:21 logger.go:21: ERROR: failed to create virtual keyboard: failed to create virtual keyboard device: could not open device file
2026/07/25 11:16:16 logger.go:21: ERROR: failed to create virtual keyboard: failed to create virtual keyboard device: could not open device file
2026/07/25 12:51:33 logger.go:21: ERROR: failed to create virtual keyboard: failed to create virtual keyboard device: could not open device file
2026/07/25 15:16:15 logger.go:37: WARN: Failed to get active window on Wayland: no suitable tool found (Hyprctl, Wlrctl)
2026/07/25 15:16:15 logger.go:37: WARN: Failed to get active window on Wayland: no suitable tool found (Hyprctl, Wlrctl)
2026/07/25 15:36:45 logger.go:21: ERROR: failed to create virtual keyboard: failed to create virtual keyboard device: could not open device file
2026/07/25 15:44:42 logger.go:21: ERROR: failed to create virtual keyboard: failed to create virtual keyboard device: could not open device file
2026/07/26 17:51:29 logger.go:37: WARN: Failed to get active window on Wayland: no suitable tool found (Hyprctl, Wlrctl)
2026/07/26 17:51:29 logger.go:37: WARN: Failed to get active window on Wayland: no suitable tool found (Hyprctl, Wlrctl)
2026/07/27 09:11:29 logger.go:37: WARN: Failed to get active window on Wayland: no suitable tool found (Hyprctl, Wlrctl)
2026/07/27 09:11:29 logger.go:37: WARN: Failed to get active window on Wayland: no suitable tool found (Hyprctl, Wlrctl)
2026/07/27 13:03:45 logger.go:21: ERROR: EOF
2026/07/28 11:32:21 logger.go:21: ERROR: failed to create virtual keyboard: failed to create virtual keyboard device: could not open device file
2026/07/28 11:37:05 logger.go:21: ERROR: failed to create virtual keyboard: failed to create virtual keyboard device: could not open device file
2026/07/29 07:28:25 logger.go:37: WARN: Failed to get active window on Wayland: no suitable tool found (Hyprctl, Wlrctl)
2026/07/29 07:28:25 logger.go:37: WARN: Failed to get active window on Wayland: no suitable tool found (Hyprctl, Wlrctl)
2026/07/29 08:47:19 logger.go:37: WARN: Failed to get active window on Wayland: no suitable tool found (Hyprctl, Wlrctl)
2026/07/29 08:47:19 logger.go:37: WARN: Failed to get active window on Wayland: no suitable tool found (Hyprctl, Wlrctl)
2026/07/29 09:17:19 logger.go:37: WARN: Failed to get active window on Wayland: no suitable tool found (Hyprctl, Wlrctl)
2026/07/29 09:17:19 logger.go:37: WARN: Failed to get active window on Wayland: no suitable tool found (Hyprctl, Wlrctl)
2026/07/30 09:46:33 logger.go:37: WARN: Failed to get active window on Wayland: no suitable tool found (Hyprctl, Wlrctl)
2026/07/30 09:46:33 logger.go:37: WARN: Failed to get active window on Wayland: no suitable tool found (Hyprctl, Wlrctl)
2026/07/30 12:25:13 logger.go:37: WARN: Failed to get active window on Wayland: no suitable tool found (Hyprctl, Wlrctl)
2026/07/30 12:25:13 logger.go:37: WARN: Failed to get active window on Wayland: no suitable tool found (Hyprctl, Wlrctl)
2026/07/31 09:45:34 logger.go:37: WARN: Failed to get active window on Wayland: no suitable tool found (Hyprctl, Wlrctl)
2026/07/31 09:45:34 logger.go:37: WARN: Failed to get active window on Wayland: no suitable tool found (Hyprctl, Wlrctl)
2026/07/31 14:25:06 logger.go:37: WARN: Failed to get active window on Wayland: no suitable tool found (Hyprctl, Wlrctl)
2026/07/31 14:25:12 logger.go:37: WARN: Failed to get active window on Wayland: no suitable tool found (Hyprctl, Wlrctl)
2026/07/31 14:25:12 logger.go:37: WARN: Failed to get active window on Wayland: no suitable tool found (Hyprctl, Wlrctl)
2026/07/31 14:25:45 logger.go:37: WARN: Failed to get active window on Wayland: no suitable tool found (Hyprctl, Wlrctl)
2026/07/31 14:25:45 logger.go:37: WARN: Failed to get active window on Wayland: no suitable tool found (Hyprctl, Wlrctl)
2026/07/31 14:25:45 logger.go:37: WARN: Failed to get active window on Wayland: no suitable tool found (Hyprctl, Wlrctl)
2026/07/31 14:25:45 logger.go:37: WARN: Failed to get active window on Wayland: no suitable tool found (Hyprctl, Wlrctl)
2026/07/31 14:25:45 logger.go:37: WARN: Failed to get active window on Wayland: no suitable tool found (Hyprctl, Wlrctl)
2026/07/31 14:25:45 logger.go:37: WARN: Failed to get active window on Wayland: no suitable tool found (Hyprctl, Wlrctl)
2026/07/31 14:29:57 logger.go:37: WARN: Failed to get active window on Wayland: no suitable tool found (Hyprctl, Wlrctl)
2026/07/31 14:29:57 logger.go:37: WARN: Failed to get active window on Wayland: no suitable tool found (Hyprctl, Wlrctl)
2026/07/31 14:30:09 logger.go:37: WARN: Failed to get active window on Wayland: no suitable tool found (Hyprctl, Wlrctl)
2026/07/31 14:30:09 logger.go:37: WARN: Failed to get active window on Wayland: no suitable tool found (Hyprctl, Wlrctl)
2026/07/31 14:30:18 logger.go:37: WARN: Failed to get active window on Wayland: no suitable tool found (Hyprctl, Wlrctl)
2026/07/31 14:30:18 logger.go:37: WARN: Failed to get active window on Wayland: no suitable tool found (Hyprctl, Wlrctl)
2026/07/31 14:30:21 logger.go:37: WARN: Failed to get active window on Wayland: no suitable tool found (Hyprctl, Wlrctl)
2026/07/31 14:30:21 logger.go:37: WARN: Failed to get active window on Wayland: no suitable tool found (Hyprctl, Wlrctl)
2026/07/31 14:30:47 logger.go:37: WARN: Failed to get active window on Wayland: no suitable tool found (Hyprctl, Wlrctl)
2026/07/31 14:30:47 logger.go:37: WARN: Failed to get active window on Wayland: no suitable tool found (Hyprctl, Wlrctl)
2026/07/31 14:37:16 logger.go:37: WARN: Failed to get active window on Wayland: no suitable tool found (Hyprctl, Wlrctl)
2026/07/31 14:37:16 logger.go:37: WARN: Failed to get active window on Wayland: no suitable tool found (Hyprctl, Wlrctl)
2026/07/31 14:37:23 logger.go:37: WARN: Failed to get active window on Wayland: no suitable tool found (Hyprctl, Wlrctl)
2026/07/31 14:37:23 logger.go:37: WARN: Failed to get active window on Wayland: no suitable tool found (Hyprctl, Wlrctl)
2026/07/31 14:40:51 logger.go:37: WARN: Failed to get active window on Wayland: no suitable tool found (Hyprctl, Wlrctl)
2026/07/31 14:40:51 logger.go:37: WARN: Failed to get active window on Wayland: no suitable tool found (Hyprctl, Wlrctl)
2026/07/31 14:42:35 logger.go:37: WARN: Failed to get active window on Wayland: no suitable tool found (Hyprctl, Wlrctl)
2026/07/31 14:42:35 logger.go:37: WARN: Failed to get active window on Wayland: no suitable tool found (Hyprctl, Wlrctl)
2026/07/31 14:42:40 logger.go:37: WARN: Failed to get active window on Wayland: no suitable tool found (Hyprctl, Wlrctl)
2026/07/31 14:42:40 logger.go:37: WARN: Failed to get active window on Wayland: no suitable tool found (Hyprctl, Wlrctl)
2026/07/31 14:43:42 logger.go:37: WARN: Failed to get active window on Wayland: no suitable tool found (Hyprctl, Wlrctl)
2026/07/31 14:43:42 logger.go:37: WARN: Failed to get active window on Wayland: no suitable tool found (Hyprctl, Wlrctl)
2026/07/31 14:44:01 logger.go:37: WARN: Failed to get active window on Wayland: no suitable tool found (Hyprctl, Wlrctl)
2026/07/31 14:44:01 logger.go:37: WARN: Failed to get active window on Wayland: no suitable tool found (Hyprctl, Wlrctl)
2026/07/31 14:44:04 logger.go:37: WARN: Failed to get active window on Wayland: no suitable tool found (Hyprctl, Wlrctl)
2026/07/31 14:44:04 logger.go:37: WARN: Failed to get active window on Wayland: no suitable tool found (Hyprctl, Wlrctl)
2026/07/31 14:44:11 logger.go:37: WARN: Failed to get active window on Wayland: no suitable tool found (Hyprctl, Wlrctl)
2026/07/31 14:44:11 logger.go:37: WARN: Failed to get active window on Wayland: no suitable tool found (Hyprctl, Wlrctl)
2026/07/31 14:44:20 logger.go:37: WARN: Failed to get active window on Wayland: no suitable tool found (Hyprctl, Wlrctl)
2026/07/31 14:44:20 logger.go:37: WARN: Failed to get active window on Wayland: no suitable tool found (Hyprctl, Wlrctl)
2026/07/31 14:44:24 logger.go:37: WARN: Failed to get active window on Wayland: no suitable tool found (Hyprctl, Wlrctl)
2026/07/31 14:44:24 logger.go:37: WARN: Failed to get active window on Wayland: no suitable tool found (Hyprctl, Wlrctl)
2026/07/31 14:46:57 logger.go:37: WARN: Failed to get active window on Wayland: no suitable tool found (Hyprctl, Wlrctl)
2026/07/31 14:46:57 logger.go:37: WARN: Failed to get active window on Wayland: no suitable tool found (Hyprctl, Wlrctl)
2026/07/31 14:47:51 logger.go:37: WARN: Failed to get active window on Wayland: no suitable tool found (Hyprctl, Wlrctl)
2026/07/31 14:47:51 logger.go:37: WARN: Failed to get active window on Wayland: no suitable tool found (Hyprctl, Wlrctl)
2026/07/31 14:49:13 logger.go:37: WARN: Failed to get active window on Wayland: no suitable tool found (Hyprctl, Wlrctl)
2026/07/31 14:49:13 logger.go:37: WARN: Failed to get active window on Wayland: no suitable tool found (Hyprctl, Wlrctl)
2026/07/31 14:49:51 logger.go:37: WARN: Failed to get active window on Wayland: no suitable tool found (Hyprctl, Wlrctl)
2026/07/31 14:49:51 logger.go:37: WARN: Failed to get active window on Wayland: no suitable tool found (Hyprctl, Wlrctl)
2026/07/31 14:51:31 logger.go:37: WARN: Failed to get active window on Wayland: no suitable tool found (Hyprctl, Wlrctl)
2026/07/31 14:51:31 logger.go:37: WARN: Failed to get active window on Wayland: no suitable tool found (Hyprctl, Wlrctl)
2026/07/31 14:52:16 logger.go:37: WARN: Failed to get active window on Wayland: no suitable tool found (Hyprctl, Wlrctl)
2026/07/31 14:52:16 logger.go:37: WARN: Failed to get active window on Wayland: no suitable tool found (Hyprctl, Wlrctl)
2026/07/31 14:53:29 logger.go:37: WARN: Failed to get active window on Wayland: no suitable tool found (Hyprctl, Wlrctl)
2026/07/31 14:53:29 logger.go:37: WARN: Failed to get active window on Wayland: no suitable tool found (Hyprctl, Wlrctl)
2026/07/31 14:53:42 logger.go:37: WARN: Failed to get active window on Wayland: no suitable tool found (Hyprctl, Wlrctl)
2026/07/31 14:53:42 logger.go:37: WARN: Failed to get active window on Wayland: no suitable tool found (Hyprctl, Wlrctl)
2026/07/31 14:54:07 logger.go:37: WARN: Failed to get active window on Wayland: no suitable tool found (Hyprctl, Wlrctl)
2026/07/31 14:54:07 logger.go:37: WARN: Failed to get active window on Wayland: no suitable tool found (Hyprctl, Wlrctl)
2026/07/31 15:04:15 logger.go:37: WARN: Failed to get active window on Wayland: no suitable tool found (Hyprctl, Wlrctl)
2026/07/31 15:04:15 logger.go:37: WARN: Failed to get active window on Wayland: no suitable tool found (Hyprctl, Wlrctl)
2026/07/31 15:04:36 logger.go:37: WARN: Failed to get active window on Wayland: no suitable tool found (Hyprctl, Wlrctl)
2026/07/31 15:04:36 logger.go:37: WARN: Failed to get active window on Wayland: no suitable tool found (Hyprctl, Wlrctl)
2026/07/31 15:07:32 logger.go:37: WARN: Failed to get active window on Wayland: no suitable tool found (Hyprctl, Wlrctl)
2026/07/31 15:07:32 logger.go:37: WARN: Failed to get active window on Wayland: no suitable tool found (Hyprctl, Wlrctl)
2026/07/31 15:07:38 logger.go:37: WARN: Failed to get active window on Wayland: no suitable tool found (Hyprctl, Wlrctl)
2026/07/31 15:07:38 logger.go:37: WARN: Failed to get active window on Wayland: no suitable tool found (Hyprctl, Wlrctl)
2026/07/31 15:07:42 logger.go:37: WARN: Failed to get active window on Wayland: no suitable tool found (Hyprctl, Wlrctl)
2026/07/31 15:07:42 logger.go:37: WARN: Failed to get active window on Wayland: no suitable tool found (Hyprctl, Wlrctl)
2026/07/31 15:07:51 logger.go:37: WARN: Failed to get active window on Wayland: no suitable tool found (Hyprctl, Wlrctl)
2026/07/31 15:07:51 logger.go:37: WARN: Failed to get active window on Wayland: no suitable tool found (Hyprctl, Wlrctl)
2026/07/31 15:07:52 logger.go:37: WARN: Failed to get active window on Wayland: no suitable tool found (Hyprctl, Wlrctl)
2026/07/31 15:07:52 logger.go:37: WARN: Failed to get active window on Wayland: no suitable tool found (Hyprctl, Wlrctl)
2026/07/31 15:07:55 logger.go:37: WARN: Failed to get active window on Wayland: no suitable tool found (Hyprctl, Wlrctl)
2026/07/31 15:07:55 logger.go:37: WARN: Failed to get active window on Wayland: no suitable tool found (Hyprctl, Wlrctl)
2026/07/31 15:07:55 logger.go:37: WARN: Failed to get active window on Wayland: no suitable tool found (Hyprctl, Wlrctl)
2026/07/31 15:07:55 logger.go:37: WARN: Failed to get active window on Wayland: no suitable tool found (Hyprctl, Wlrctl)
2026/07/31 15:08:04 logger.go:37: WARN: Failed to get active window on Wayland: no suitable tool found (Hyprctl, Wlrctl)
2026/07/31 15:08:04 logger.go:37: WARN: Failed to get active window on Wayland: no suitable tool found (Hyprctl, Wlrctl)
2026/07/31 15:08:16 logger.go:37: WARN: Failed to get active window on Wayland: no suitable tool found (Hyprctl, Wlrctl)
2026/07/31 15:08:16 logger.go:37: WARN: Failed to get active window on Wayland: no suitable tool found (Hyprctl, Wlrctl)
2026/07/31 15:08:21 logger.go:37: WARN: Failed to get active window on Wayland: no suitable tool found (Hyprctl, Wlrctl)
2026/07/31 15:08:21 logger.go:37: WARN: Failed to get active window on Wayland: no suitable tool found (Hyprctl, Wlrctl)
2026/07/31 15:08:23 logger.go:37: WARN: Failed to get active window on Wayland: no suitable tool found (Hyprctl, Wlrctl)
2026/07/31 15:08:23 logger.go:37: WARN: Failed to get active window on Wayland: no suitable tool found (Hyprctl, Wlrctl)
2026/07/31 15:08:29 logger.go:37: WARN: Failed to get active window on Wayland: no suitable tool found (Hyprctl, Wlrctl)
2026/07/31 15:08:29 logger.go:37: WARN: Failed to get active window on Wayland: no suitable tool found (Hyprctl, Wlrctl)
2026/07/31 15:08:38 logger.go:37: WARN: Failed to get active window on Wayland: no suitable tool found (Hyprctl, Wlrctl)
2026/07/31 15:08:38 logger.go:37: WARN: Failed to get active window on Wayland: no suitable tool found (Hyprctl, Wlrctl)
2026/07/31 15:08:41 logger.go:37: WARN: Failed to get active window on Wayland: no suitable tool found (Hyprctl, Wlrctl)
2026/07/31 15:08:41 logger.go:37: WARN: Failed to get active window on Wayland: no suitable tool found (Hyprctl, Wlrctl)
2026/07/31 15:08:46 logger.go:37: WARN: Failed to get active window on Wayland: no suitable tool found (Hyprctl, Wlrctl)
2026/07/31 15:08:46 logger.go:37: WARN: Failed to get active window on Wayland: no suitable tool found (Hyprctl, Wlrctl)
2026/07/31 15:08:50 logger.go:37: WARN: Failed to get active window on Wayland: no suitable tool found (Hyprctl, Wlrctl)
2026/07/31 15:08:50 logger.go:37: WARN: Failed to get active window on Wayland: no suitable tool found (Hyprctl, Wlrctl)
2026/07/31 15:09:03 logger.go:37: WARN: Failed to get active window on Wayland: no suitable tool found (Hyprctl, Wlrctl)
2026/07/31 15:09:03 logger.go:37: WARN: Failed to get active window on Wayland: no suitable tool found (Hyprctl, Wlrctl)
2026/07/31 15:09:03 logger.go:37: WARN: Failed to get active window on Wayland: no suitable tool found (Hyprctl, Wlrctl)
2026/07/31 15:09:03 logger.go:37: WARN: Failed to get active window on Wayland: no suitable tool found (Hyprctl, Wlrctl)
2026/07/31 15:09:14 logger.go:37: WARN: Failed to get active window on Wayland: no suitable tool found (Hyprctl, Wlrctl)
2026/07/31 15:09:14 logger.go:37: WARN: Failed to get active window on Wayland: no suitable tool found (Hyprctl, Wlrctl)
2026/07/31 15:09:44 logger.go:37: WARN: Failed to get active window on Wayland: no suitable tool found (Hyprctl, Wlrctl)
2026/07/31 15:09:44 logger.go:37: WARN: Failed to get active window on Wayland: no suitable tool found (Hyprctl, Wlrctl)
2026/07/31 15:09:46 logger.go:37: WARN: Failed to get active window on Wayland: no suitable tool found (Hyprctl, Wlrctl)
2026/07/31 15:09:46 logger.go:37: WARN: Failed to get active window on Wayland: no suitable tool found (Hyprctl, Wlrctl)
2026/07/31 15:09:46 logger.go:37: WARN: Failed to get active window on Wayland: no suitable tool found (Hyprctl, Wlrctl)
2026/07/31 15:09:46 logger.go:37: WARN: Failed to get active window on Wayland: no suitable tool found (Hyprctl, Wlrctl)
2026/07/31 15:09:47 logger.go:37: WARN: Failed to get active window on Wayland: no suitable tool found (Hyprctl, Wlrctl)
2026/07/31 15:09:47 logger.go:37: WARN: Failed to get active window on Wayland: no suitable tool found (Hyprctl, Wlrctl)
2026/07/31 15:09:47 logger.go:37: WARN: Failed to get active window on Wayland: no suitable tool found (Hyprctl, Wlrctl)
2026/07/31 15:09:47 logger.go:37: WARN: Failed to get active window on Wayland: no suitable tool found (Hyprctl, Wlrctl)
2026/07/31 15:09:47 logger.go:37: WARN: Failed to get active window on Wayland: no suitable tool found (Hyprctl, Wlrctl)
2026/07/31 15:09:47 logger.go:37: WARN: Failed to get active window on Wayland: no suitable tool found (Hyprctl, Wlrctl)
2026/07/31 15:09:49 logger.go:37: WARN: Failed to get active window on Wayland: no suitable tool found (Hyprctl, Wlrctl)
2026/07/31 15:09:49 logger.go:37: WARN: Failed to get active window on Wayland: no suitable tool found (Hyprctl, Wlrctl)
2026/07/31 15:09:49 logger.go:37: WARN: Failed to get active window on Wayland: no suitable tool found (Hyprctl, Wlrctl)
2026/07/31 15:09:49 logger.go:37: WARN: Failed to get active window on Wayland: no suitable tool found (Hyprctl, Wlrctl)
2026/07/31 15:09:49 logger.go:37: WARN: Failed to get active window on Wayland: no suitable tool found (Hyprctl, Wlrctl)
2026/07/31 15:09:49 logger.go:37: WARN: Failed to get active window on Wayland: no suitable tool found (Hyprctl, Wlrctl)
2026/07/31 15:10:29 logger.go:37: WARN: Failed to get active window on Wayland: no suitable tool found (Hyprctl, Wlrctl)
2026/07/31 15:10:29 logger.go:37: WARN: Failed to get active window on Wayland: no suitable tool found (Hyprctl, Wlrctl)
2026/07/31 15:14:08 logger.go:37: WARN: Failed to get active window on Wayland: no suitable tool found (Hyprctl, Wlrctl)
2026/07/31 15:14:08 logger.go:37: WARN: Failed to get active window on Wayland: no suitable tool found (Hyprctl, Wlrctl)
2026/07/31 18:26:43 logger.go:37: WARN: Failed to get active window on Wayland: no suitable tool found (Hyprctl, Wlrctl)
2026/07/31 18:26:43 logger.go:37: WARN: Failed to get active window on Wayland: no suitable tool found (Hyprctl, Wlrctl)
2026/08/01 09:47:17 logger.go:29: INFO: CUSTOM THEME DISABLED
2026/08/01 09:47:17 logger.go:29: INFO: CUSTOM THEME DISABLED
2026/08/01 09:47:22 logger.go:29: INFO: CUSTOM THEME DISABLED
2026/08/01 09:47:22 logger.go:29: INFO: CUSTOM THEME DISABLED
2026/08/01 09:47:27 logger.go:29: INFO: CUSTOM THEME DISABLED
2026/08/01 09:47:27 logger.go:29: INFO: CUSTOM THEME DISABLED
2026/08/01 09:47:30 logger.go:29: INFO: CUSTOM THEME DISABLED
2026/08/01 09:47:30 logger.go:29: INFO: CUSTOM THEME DISABLED
2026/08/01 09:47:36 logger.go:29: INFO: CUSTOM THEME DISABLED
2026/08/01 09:47:36 logger.go:29: INFO: CUSTOM THEME DISABLED
2026/08/01 09:47:39 logger.go:29: INFO: CUSTOM THEME DISABLED
2026/08/01 09:47:39 logger.go:29: INFO: CUSTOM THEME DISABLED
2026/08/01 09:47:53 logger.go:29: INFO: CUSTOM THEME DISABLED
2026/08/01 09:47:53 logger.go:29: INFO: CUSTOM THEME DISABLED
2026/08/01 09:48:00 logger.go:29: INFO: CUSTOM THEME DISABLED
2026/08/01 09:48:00 logger.go:29: INFO: CUSTOM THEME DISABLED
2026/08/01 09:48:13 logger.go:29: INFO: CUSTOM THEME DISABLED
2026/08/01 09:48:14 logger.go:29: INFO: CUSTOM THEME DISABLED
2026/08/01 09:48:31 logger.go:29: INFO: CUSTOM THEME DISABLED
2026/08/01 09:48:31 logger.go:29: INFO: CUSTOM THEME DISABLED
2026/08/01 09:48:56 logger.go:29: INFO: CUSTOM THEME DISABLED
2026/08/01 09:48:56 logger.go:29: INFO: CUSTOM THEME DISABLED
2026/08/01 09:48:59 logger.go:29: INFO: CUSTOM THEME DISABLED
2026/08/01 09:48:59 logger.go:29: INFO: CUSTOM THEME DISABLED
2026/08/01 11:42:06 logger.go:29: INFO: CUSTOM THEME DISABLED
2026/08/01 11:42:06 logger.go:29: INFO: CUSTOM THEME DISABLED
2026/08/01 11:42:18 logger.go:29: INFO: CUSTOM THEME DISABLED
2026/08/01 11:42:18 logger.go:29: INFO: CUSTOM THEME DISABLED
2026/08/01 11:42:28 logger.go:29: INFO: CUSTOM THEME DISABLED
2026/08/01 11:42:28 logger.go:29: INFO: CUSTOM THEME DISABLED
2026/08/01 11:43:16 logger.go:29: INFO: CUSTOM THEME DISABLED
2026/08/01 11:43:16 logger.go:29: INFO: CUSTOM THEME DISABLED
2026/08/01 11:43:31 logger.go:29: INFO: CUSTOM THEME DISABLED
2026/08/01 11:43:31 logger.go:29: INFO: CUSTOM THEME DISABLED
2026/08/01 11:43:39 logger.go:29: INFO: CUSTOM THEME DISABLED
2026/08/01 11:43:39 logger.go:29: INFO: CUSTOM THEME DISABLED
2026/08/01 11:46:12 logger.go:29: INFO: CUSTOM THEME DISABLED
2026/08/01 11:46:12 logger.go:29: INFO: CUSTOM THEME DISABLED
2026/08/01 11:48:39 logger.go:29: INFO: CUSTOM THEME DISABLED
2026/08/01 11:48:39 logger.go:29: INFO: CUSTOM THEME DISABLED
2026/08/01 11:49:58 logger.go:29: INFO: CUSTOM THEME DISABLED
2026/08/01 11:49:58 logger.go:29: INFO: CUSTOM THEME DISABLED
2026/08/01 11:50:33 logger.go:29: INFO: CUSTOM THEME DISABLED
2026/08/01 11:50:33 logger.go:29: INFO: CUSTOM THEME DISABLED
2026/08/01 11:51:11 logger.go:29: INFO: CUSTOM THEME DISABLED
2026/08/01 11:51:11 logger.go:29: INFO: CUSTOM THEME DISABLED
2026/08/01 11:53:04 logger.go:29: INFO: CUSTOM THEME DISABLED
2026/08/01 11:55:33 logger.go:29: INFO: CUSTOM THEME DISABLED
2026/08/01 11:55:33 logger.go:29: INFO: CUSTOM THEME DISABLED
2026/08/01 11:55:34 logger.go:29: INFO: CUSTOM THEME DISABLED
2026/08/01 11:55:34 logger.go:29: INFO: CUSTOM THEME DISABLED
2026/08/01 11:59:26 logger.go:29: INFO: CUSTOM THEME DISABLED
2026/08/01 11:59:26 logger.go:29: INFO: CUSTOM THEME DISABLED
2026/08/01 12:01:06 logger.go:29: INFO: CUSTOM THEME DISABLED
2026/08/01 12:01:06 logger.go:29: INFO: CUSTOM THEME DISABLED
2026/08/01 12:01:12 logger.go:29: INFO: CUSTOM THEME DISABLED
2026/08/01 12:01:12 logger.go:29: INFO: CUSTOM THEME DISABLED
2026/08/01 12:01:15 logger.go:29: INFO: CUSTOM THEME DISABLED
2026/08/01 12:01:16 logger.go:29: INFO: CUSTOM THEME DISABLED
2026/08/01 12:01:16 logger.go:29: INFO: CUSTOM THEME DISABLED
2026/08/01 12:01:16 logger.go:29: INFO: CUSTOM THEME DISABLED
2026/08/01 12:01:16 logger.go:21: ERROR: failed to create virtual keyboard: failed to create virtual keyboard device: could not open device file
2026/08/01 12:01:17 logger.go:29: INFO: CUSTOM THEME DISABLED
2026/08/01 12:01:17 logger.go:29: INFO: CUSTOM THEME DISABLED
2026/08/01 12:03:36 logger.go:29: INFO: CUSTOM THEME DISABLED
2026/08/01 12:03:36 logger.go:29: INFO: CUSTOM THEME DISABLED
2026/08/01 12:03:42 logger.go:29: INFO: CUSTOM THEME DISABLED
2026/08/01 12:03:42 logger.go:29: INFO: CUSTOM THEME DISABLED
2026/08/01 12:03:49 logger.go:29: INFO: CUSTOM THEME DISABLED
2026/08/01 12:03:49 logger.go:29: INFO: CUSTOM THEME DISABLED
2026/08/01 12:04:00 logger.go:29: INFO: CUSTOM THEME DISABLED
2026/08/01 12:04:00 logger.go:29: INFO: CUSTOM THEME DISABLED
2026/08/01 12:04:03 logger.go:29: INFO: CUSTOM THEME DISABLED
2026/08/01 12:04:03 logger.go:29: INFO: CUSTOM THEME DISABLED
2026/08/01 12:04:09 logger.go:29: INFO: CUSTOM THEME DISABLED
2026/08/01 12:04:09 logger.go:29: INFO: CUSTOM THEME DISABLED
2026/08/01 12:04:45 logger.go:29: INFO: CUSTOM THEME DISABLED
2026/08/01 12:04:45 logger.go:29: INFO: CUSTOM THEME DISABLED
2026/08/01 12:05:11 logger.go:29: INFO: CUSTOM THEME DISABLED
2026/08/01 12:05:11 logger.go:29: INFO: CUSTOM THEME DISABLED
2026/08/01 12:05:41 logger.go:29: INFO: CUSTOM THEME DISABLED
2026/08/01 12:05:41 logger.go:29: INFO: CUSTOM THEME DISABLED
2026/08/01 12:06:28 logger.go:29: INFO: CUSTOM THEME DISABLED
2026/08/01 12:06:28 logger.go:29: INFO: CUSTOM THEME DISABLED
2026/08/01 12:07:10 logger.go:29: INFO: CUSTOM THEME DISABLED
2026/08/01 12:07:11 logger.go:29: INFO: CUSTOM THEME DISABLED
2026/08/01 12:07:13 logger.go:29: INFO: CUSTOM THEME DISABLED
2026/08/01 12:07:13 logger.go:29: INFO: CUSTOM THEME DISABLED
2026/08/01 12:07:33 logger.go:29: INFO: CUSTOM THEME DISABLED
2026/08/01 12:07:33 logger.go:29: INFO: CUSTOM THEME DISABLED
2026/08/01 12:07:47 logger.go:29: INFO: CUSTOM THEME DISABLED
2026/08/01 12:07:47 logger.go:29: INFO: CUSTOM THEME DISABLED
2026/08/01 12:07:56 logger.go:29: INFO: CUSTOM THEME DISABLED
2026/08/01 12:07:56 logger.go:29: INFO: CUSTOM THEME DISABLED
2026/08/01 12:08:20 logger.go:29: INFO: CUSTOM THEME DISABLED
2026/08/01 12:08:20 logger.go:29: INFO: CUSTOM THEME DISABLED
2026/08/01 12:08:29 logger.go:29: INFO: CUSTOM THEME DISABLED
2026/08/01 12:08:29 logger.go:29: INFO: CUSTOM THEME DISABLED
2026/08/01 12:08:38 logger.go:29: INFO: CUSTOM THEME DISABLED
2026/08/01 12:08:38 logger.go:29: INFO: CUSTOM THEME DISABLED
2026/08/01 12:08:44 logger.go:29: INFO: CUSTOM THEME DISABLED
2026/08/01 12:08:44 logger.go:29: INFO: CUSTOM THEME DISABLED
2026/08/01 12:11:52 logger.go:29: INFO: CUSTOM THEME DISABLED
2026/08/01 12:11:52 logger.go:29: INFO: CUSTOM THEME DISABLED
2026/08/01 12:13:40 logger.go:29: INFO: CUSTOM THEME DISABLED
2026/08/01 12:13:40 logger.go:29: INFO: CUSTOM THEME DISABLED
2026/08/01 12:13:41 logger.go:29: INFO: CUSTOM THEME DISABLED
2026/08/01 12:13:41 logger.go:29: INFO: CUSTOM THEME DISABLED
2026/08/01 12:13:59 logger.go:29: INFO: CUSTOM THEME DISABLED
2026/08/01 12:13:59 logger.go:29: INFO: CUSTOM THEME DISABLED
2026/08/01 12:14:05 logger.go:29: INFO: CUSTOM THEME DISABLED
2026/08/01 12:14:05 logger.go:29: INFO: CUSTOM THEME DISABLED
2026/08/01 12:14:10 logger.go:29: INFO: CUSTOM THEME DISABLED
2026/08/01 12:14:10 logger.go:29: INFO: CUSTOM THEME DISABLED
2026/08/01 12:17:18 logger.go:29: INFO: CUSTOM THEME DISABLED
2026/08/01 12:17:18 logger.go:29: INFO: CUSTOM THEME DISABLED
2026/08/01 12:17:23 logger.go:29: INFO: CUSTOM THEME DISABLED
2026/08/01 12:17:23 logger.go:29: INFO: CUSTOM THEME DISABLED
2026/08/01 12:18:38 logger.go:29: INFO: CUSTOM THEME DISABLED
2026/08/01 12:18:38 logger.go:29: INFO: CUSTOM THEME DISABLED
2026/08/01 12:18:43 logger.go:29: INFO: CUSTOM THEME DISABLED
2026/08/01 12:18:43 logger.go:29: INFO: CUSTOM THEME DISABLED
2026/08/01 12:19:15 logger.go:29: INFO: CUSTOM THEME DISABLED
2026/08/01 12:19:15 logger.go:29: INFO: CUSTOM THEME DISABLED
2026/08/01 12:19:22 logger.go:29: INFO: CUSTOM THEME DISABLED
2026/08/01 12:19:22 logger.go:29: INFO: CUSTOM THEME DISABLED
2026/08/01 12:19:50 logger.go:29: INFO: CUSTOM THEME DISABLED
2026/08/01 12:19:50 logger.go:29: INFO: CUSTOM THEME DISABLED
2026/08/01 12:19:54 logger.go:29: INFO: CUSTOM THEME DISABLED
2026/08/01 12:19:54 logger.go:29: INFO: CUSTOM THEME DISABLED
2026/08/01 12:19:57 logger.go:29: INFO: CUSTOM THEME DISABLED
2026/08/01 12:19:57 logger.go:29: INFO: CUSTOM THEME DISABLED
2026/08/01 12:20:01 logger.go:29: INFO: CUSTOM THEME DISABLED
2026/08/01 12:20:01 logger.go:29: INFO: CUSTOM THEME DISABLED
2026/08/01 12:20:13 logger.go:29: INFO: CUSTOM THEME DISABLED
2026/08/01 12:20:13 logger.go:29: INFO: CUSTOM THEME DISABLED
2026/08/01 12:20:18 logger.go:29: INFO: CUSTOM THEME DISABLED
2026/08/01 12:20:18 logger.go:29: INFO: CUSTOM THEME DISABLED
2026/08/01 12:29:21 logger.go:29: INFO: CUSTOM THEME DISABLED
2026/08/01 12:29:21 logger.go:29: INFO: CUSTOM THEME DISABLED
2026/08/01 12:42:36 logger.go:29: INFO: CUSTOM THEME DISABLED
2026/08/01 12:42:36 logger.go:29: INFO: CUSTOM THEME DISABLED
2026/08/01 12:42:44 logger.go:29: INFO: CUSTOM THEME DISABLED
2026/08/01 12:42:44 logger.go:29: INFO: CUSTOM THEME DISABLED
2026/08/01 12:43:04 logger.go:29: INFO: CUSTOM THEME DISABLED
2026/08/01 12:43:04 logger.go:29: INFO: CUSTOM THEME DISABLED
2026/08/01 12:43:12 logger.go:29: INFO: CUSTOM THEME DISABLED
2026/08/01 12:43:12 logger.go:29: INFO: CUSTOM THEME DISABLED
2026/08/01 12:45:15 logger.go:29: INFO: CUSTOM THEME DISABLED
2026/08/01 12:45:16 logger.go:29: INFO: CUSTOM THEME DISABLED
2026/08/01 12:45:16 logger.go:29: INFO: CUSTOM THEME DISABLED
2026/08/01 12:45:16 logger.go:29: INFO: CUSTOM THEME DISABLED
2026/08/01 12:45:16 logger.go:21: ERROR: failed to create virtual keyboard: failed to create virtual keyboard device: could not open device file
2026/08/01 12:45:19 logger.go:29: INFO: CUSTOM THEME DISABLED
2026/08/01 12:45:19 logger.go:29: INFO: CUSTOM THEME DISABLED
2026/08/01 12:45:56 logger.go:29: INFO: CUSTOM THEME DISABLED
2026/08/01 12:45:56 logger.go:29: INFO: CUSTOM THEME DISABLED
2026/08/01 12:46:12 logger.go:29: INFO: CUSTOM THEME DISABLED
2026/08/01 12:46:12 logger.go:29: INFO: CUSTOM THEME DISABLED
2026/08/01 12:48:13 logger.go:29: INFO: CUSTOM THEME DISABLED
2026/08/01 12:48:13 logger.go:29: INFO: CUSTOM THEME DISABLED
2026/08/01 12:54:46 logger.go:29: INFO: CUSTOM THEME DISABLED
2026/08/01 12:54:46 logger.go:29: INFO: CUSTOM THEME DISABLED
2026/08/01 12:55:04 logger.go:29: INFO: CUSTOM THEME DISABLED
2026/08/01 12:55:04 logger.go:29: INFO: CUSTOM THEME DISABLED
2026/08/01 12:55:20 logger.go:29: INFO: CUSTOM THEME DISABLED
2026/08/01 12:55:20 logger.go:29: INFO: CUSTOM THEME DISABLED
2026/08/01 12:55:32 logger.go:29: INFO: CUSTOM THEME DISABLED
2026/08/01 12:55:32 logger.go:29: INFO: CUSTOM THEME DISABLED
2026/08/01 12:55:46 logger.go:29: INFO: CUSTOM THEME DISABLED
2026/08/01 12:55:46 logger.go:29: INFO: CUSTOM THEME DISABLED
2026/08/01 12:55:55 logger.go:29: INFO: CUSTOM THEME DISABLED
2026/08/01 12:55:55 logger.go:29: INFO: CUSTOM THEME DISABLED
2026/08/01 12:56:06 logger.go:29: INFO: CUSTOM THEME DISABLED
2026/08/01 12:56:06 logger.go:29: INFO: CUSTOM THEME DISABLED
2026/08/01 12:56:14 logger.go:29: INFO: CUSTOM THEME DISABLED
2026/08/01 12:56:14 logger.go:29: INFO: CUSTOM THEME DISABLED
2026/08/01 12:57:12 logger.go:29: INFO: CUSTOM THEME DISABLED
2026/08/01 12:57:12 logger.go:29: INFO: CUSTOM THEME DISABLED
2026/08/01 12:57:13 logger.go:29: INFO: CUSTOM THEME DISABLED
2026/08/01 12:57:13 logger.go:29: INFO: CUSTOM THEME DISABLED
2026/08/01 12:57:14 logger.go:29: INFO: CUSTOM THEME DISABLED
2026/08/01 12:57:14 logger.go:29: INFO: CUSTOM THEME DISABLED
2026/08/01 12:57:15 logger.go:29: INFO: CUSTOM THEME DISABLED
2026/08/01 12:57:15 logger.go:29: INFO: CUSTOM THEME DISABLED
2026/08/01 12:57:16 logger.go:29: INFO: CUSTOM THEME DISABLED
2026/08/01 12:57:16 logger.go:29: INFO: CUSTOM THEME DISABLED
2026/08/01 12:57:17 logger.go:29: INFO: CUSTOM THEME DISABLED
2026/08/01 12:57:17 logger.go:29: INFO: CUSTOM THEME DISABLED
2026/08/01 12:58:23 logger.go:29: INFO: CUSTOM THEME DISABLED
2026/08/01 12:58:23 logger.go:29: INFO: CUSTOM THEME DISABLED
2026/08/01 12:58:33 logger.go:29: INFO: CUSTOM THEME DISABLED
2026/08/01 12:58:33 logger.go:29: INFO: CUSTOM THEME DISABLED
2026/08/01 12:58:38 logger.go:29: INFO: CUSTOM THEME DISABLED
2026/08/01 12:58:38 logger.go:29: INFO: CUSTOM THEME DISABLED
2026/08/01 12:58:44 logger.go:29: INFO: CUSTOM THEME DISABLED
2026/08/01 12:58:44 logger.go:29: INFO: CUSTOM THEME DISABLED
2026/08/01 12:58:56 logger.go:29: INFO: CUSTOM THEME DISABLED
2026/08/01 12:58:56 logger.go:29: INFO: CUSTOM THEME DISABLED
2026/08/01 12:59:44 logger.go:29: INFO: CUSTOM THEME DISABLED
2026/08/01 12:59:44 logger.go:29: INFO: CUSTOM THEME DISABLED
2026/08/01 13:00:03 logger.go:29: INFO: CUSTOM THEME DISABLED
2026/08/01 13:00:03 logger.go:29: INFO: CUSTOM THEME DISABLED
2026/08/01 13:00:31 logger.go:29: INFO: CUSTOM THEME DISABLED
2026/08/01 13:00:31 logger.go:29: INFO: CUSTOM THEME DISABLED
2026/08/01 13:00:52 logger.go:29: INFO: CUSTOM THEME DISABLED
2026/08/01 13:00:52 logger.go:29: INFO: CUSTOM THEME DISABLED
2026/08/01 13:01:30 logger.go:29: INFO: CUSTOM THEME DISABLED
2026/08/01 13:01:30 logger.go:29: INFO: CUSTOM THEME DISABLED
2026/08/01 13:02:36 logger.go:29: INFO: CUSTOM THEME DISABLED
2026/08/01 13:02:36 logger.go:29: INFO: CUSTOM THEME DISABLED
2026/08/01 13:03:16 logger.go:29: INFO: CUSTOM THEME DISABLED
2026/08/01 13:03:16 logger.go:29: INFO: CUSTOM THEME DISABLED
2026/08/01 13:03:45 logger.go:29: INFO: CUSTOM THEME DISABLED
2026/08/01 13:03:45 logger.go:29: INFO: CUSTOM THEME DISABLED
2026/08/01 13:04:24 logger.go:29: INFO: CUSTOM THEME DISABLED
2026/08/01 13:04:24 logger.go:29: INFO: CUSTOM THEME DISABLED
2026/08/01 13:04:42 logger.go:29: INFO: CUSTOM THEME DISABLED
2026/08/01 13:04:42 logger.go:29: INFO: CUSTOM THEME DISABLED
2026/08/01 13:05:22 logger.go:29: INFO: CUSTOM THEME DISABLED
2026/08/01 13:05:22 logger.go:29: INFO: CUSTOM THEME DISABLED
2026/08/01 13:06:01 logger.go:29: INFO: CUSTOM THEME DISABLED
2026/08/01 13:06:01 logger.go:29: INFO: CUSTOM THEME DISABLED
2026/08/01 13:06:04 logger.go:29: INFO: CUSTOM THEME DISABLED
2026/08/01 13:06:04 logger.go:29: INFO: CUSTOM THEME DISABLED
2026/08/01 13:06:13 logger.go:29: INFO: CUSTOM THEME DISABLED
2026/08/01 13:06:13 logger.go:29: INFO: CUSTOM THEME DISABLED
2026/08/01 13:07:32 logger.go:29: INFO: CUSTOM THEME DISABLED
2026/08/01 13:07:32 logger.go:29: INFO: CUSTOM THEME DISABLED
2026/08/01 13:08:16 logger.go:29: INFO: CUSTOM THEME DISABLED
2026/08/01 13:08:16 logger.go:29: INFO: CUSTOM THEME DISABLED
2026/08/01 13:09:42 logger.go:29: INFO: CUSTOM THEME DISABLED
2026/08/01 13:09:42 logger.go:29: INFO: CUSTOM THEME DISABLED
2026/08/01 13:09:52 logger.go:29: INFO: CUSTOM THEME DISABLED
2026/08/01 13:09:52 logger.go:29: INFO: CUSTOM THEME DISABLED
2026/08/01 13:09:55 logger.go:29: INFO: CUSTOM THEME DISABLED
2026/08/01 13:09:55 logger.go:29: INFO: CUSTOM THEME DISABLED
2026/08/01 13:10:46 logger.go:29: INFO: CUSTOM THEME DISABLED
2026/08/01 13:10:46 logger.go:29: INFO: CUSTOM THEME DISABLED
2026/08/01 13:11:08 logger.go:29: INFO: CUSTOM THEME DISABLED
2026/08/01 13:11:08 logger.go:29: INFO: CUSTOM THEME DISABLED
2026/08/01 13:12:07 logger.go:29: INFO: CUSTOM THEME DISABLED
2026/08/01 13:12:07 logger.go:29: INFO: CUSTOM THEME DISABLED
2026/08/01 13:12:46 logger.go:29: INFO: CUSTOM THEME DISABLED
2026/08/01 13:12:46 logger.go:29: INFO: CUSTOM THEME DISABLED
2026/08/01 13:13:19 logger.go:29: INFO: CUSTOM THEME DISABLED
2026/08/01 13:13:19 logger.go:29: INFO: CUSTOM THEME DISABLED
2026/08/01 13:14:59 logger.go:29: INFO: CUSTOM THEME DISABLED
2026/08/01 13:14:59 logger.go:29: INFO: CUSTOM THEME DISABLED
2026/08/01 13:14:59 logger.go:29: INFO: CUSTOM THEME DISABLED
2026/08/01 13:14:59 logger.go:29: INFO: CUSTOM THEME DISABLED
2026/08/01 13:18:16 logger.go:29: INFO: CUSTOM THEME DISABLED
2026/08/01 13:18:16 logger.go:29: INFO: CUSTOM THEME DISABLED
2026/08/01 13:19:34 logger.go:29: INFO: CUSTOM THEME DISABLED
2026/08/01 13:19:34 logger.go:29: INFO: CUSTOM THEME DISABLED
2026/08/01 13:25:14 logger.go:29: INFO: CUSTOM THEME DISABLED
2026/08/01 13:25:14 logger.go:29: INFO: CUSTOM THEME DISABLED
2026/08/01 13:27:07 logger.go:29: INFO: CUSTOM THEME DISABLED
2026/08/01 13:27:07 logger.go:29: INFO: CUSTOM THEME DISABLED
2026/08/01 13:29:29 logger.go:29: INFO: CUSTOM THEME DISABLED
2026/08/01 13:29:29 logger.go:29: INFO: CUSTOM THEME DISABLED
2026/08/01 13:30:28 logger.go:29: INFO: CUSTOM THEME DISABLED
2026/08/01 13:30:28 logger.go:29: INFO: CUSTOM THEME DISABLED
2026/08/01 13:30:55 logger.go:29: INFO: CUSTOM THEME DISABLED
2026/08/01 13:30:55 logger.go:29: INFO: CUSTOM THEME DISABLED
2026/08/01 13:31:40 logger.go:29: INFO: CUSTOM THEME DISABLED
2026/08/01 13:31:40 logger.go:29: INFO: CUSTOM THEME DISABLED
2026/08/01 13:31:54 logger.go:29: INFO: CUSTOM THEME DISABLED
2026/08/01 13:31:54 logger.go:29: INFO: CUSTOM THEME DISABLED
2026/08/01 13:33:18 logger.go:29: INFO: CUSTOM THEME DISABLED
2026/08/01 13:33:18 logger.go:29: INFO: CUSTOM THEME DISABLED
2026/08/01 13:35:20 logger.go:29: INFO: CUSTOM THEME DISABLED
2026/08/01 13:35:20 logger.go:29: INFO: CUSTOM THEME DISABLED
2026/08/01 13:35:36 logger.go:29: INFO: CUSTOM THEME DISABLED
2026/08/01 13:35:36 logger.go:29: INFO: CUSTOM THEME DISABLED
2026/08/01 13:35:38 logger.go:29: INFO: CUSTOM THEME DISABLED
2026/08/01 13:35:38 logger.go:29: INFO: CUSTOM THEME DISABLED
2026/08/01 13:35:41 logger.go:29: INFO: CUSTOM THEME DISABLED
2026/08/01 13:35:41 logger.go:29: INFO: CUSTOM THEME DISABLED
2026/08/01 13:36:03 logger.go:29: INFO: CUSTOM THEME DISABLED
2026/08/01 13:36:03 logger.go:29: INFO: CUSTOM THEME DISABLED
2026/08/01 13:36:35 logger.go:29: INFO: CUSTOM THEME DISABLED
2026/08/01 13:36:35 logger.go:29: INFO: CUSTOM THEME DISABLED
2026/08/01 13:38:10 logger.go:29: INFO: CUSTOM THEME DISABLED
2026/08/01 13:38:10 logger.go:29: INFO: CUSTOM THEME DISABLED
2026/08/01 13:38:24 logger.go:29: INFO: CUSTOM THEME DISABLED
2026/08/01 13:38:24 logger.go:29: INFO: CUSTOM THEME DISABLED
2026/08/01 13:38:30 logger.go:29: INFO: CUSTOM THEME DISABLED
2026/08/01 13:38:30 logger.go:29: INFO: CUSTOM THEME DISABLED
2026/08/01 13:46:25 logger.go:29: INFO: CUSTOM THEME DISABLED
2026/08/01 13:46:25 logger.go:29: INFO: CUSTOM THEME DISABLED
2026/08/01 13:51:07 logger.go:29: INFO: CUSTOM THEME DISABLED
2026/08/01 13:51:07 logger.go:29: INFO: CUSTOM THEME DISABLED
2026/08/01 13:51:25 logger.go:29: INFO: CUSTOM THEME DISABLED
2026/08/01 13:51:25 logger.go:29: INFO: CUSTOM THEME DISABLED
2026/08/01 13:52:15 logger.go:29: INFO: CUSTOM THEME DISABLED
2026/08/01 13:52:15 logger.go:29: INFO: CUSTOM THEME DISABLED
2026/08/01 13:52:35 logger.go:29: INFO: CUSTOM THEME DISABLED
2026/08/01 13:52:35 logger.go:29: INFO: CUSTOM THEME DISABLED
2026/08/01 13:52:46 logger.go:29: INFO: CUSTOM THEME DISABLED
2026/08/01 13:52:46 logger.go:29: INFO: CUSTOM THEME DISABLED
2026/08/01 13:53:13 logger.go:29: INFO: CUSTOM THEME DISABLED
2026/08/01 13:53:13 logger.go:29: INFO: CUSTOM THEME DISABLED
2026/08/01 13:53:31 logger.go:29: INFO: CUSTOM THEME DISABLED
2026/08/01 13:53:31 logger.go:29: INFO: CUSTOM THEME DISABLED
2026/08/01 13:54:20 logger.go:29: INFO: CUSTOM THEME DISABLED
2026/08/01 13:54:20 logger.go:29: INFO: CUSTOM THEME DISABLED
2026/08/01 14:19:03 logger.go:29: INFO: CUSTOM THEME DISABLED
2026/08/01 14:19:03 logger.go:29: INFO: CUSTOM THEME DISABLED
2026/08/01 14:21:44 logger.go:29: INFO: CUSTOM THEME DISABLED
2026/08/01 14:21:44 logger.go:29: INFO: CUSTOM THEME DISABLED
2026/08/01 14:22:09 logger.go:29: INFO: CUSTOM THEME DISABLED
2026/08/01 14:22:09 logger.go:29: INFO: CUSTOM THEME DISABLED
2026/08/01 14:22:58 logger.go:37: WARN: Failed to get active window on Wayland: no suitable tool found (Hyprctl, Wlrctl)
2026/08/01 14:22:58 logger.go:37: WARN: Failed to get active window on Wayland: no suitable tool found (Hyprctl, Wlrctl)
2026/08/01 14:23:32 logger.go:29: INFO: CUSTOM THEME DISABLED
2026/08/01 14:23:32 logger.go:29: INFO: CUSTOM THEME DISABLED
2026/08/01 14:24:39 logger.go:29: INFO: CUSTOM THEME DISABLED
2026/08/01 14:24:39 logger.go:29: INFO: CUSTOM THEME DISABLED
2026/08/01 14:24:45 logger.go:29: INFO: CUSTOM THEME DISABLED
2026/08/01 14:24:45 logger.go:29: INFO: CUSTOM THEME DISABLED
2026/08/01 14:25:36 logger.go:29: INFO: CUSTOM THEME DISABLED
2026/08/01 14:25:36 logger.go:29: INFO: CUSTOM THEME DISABLED
2026/08/01 14:25:38 logger.go:29: INFO: CUSTOM THEME DISABLED
2026/08/01 14:25:38 logger.go:29: INFO: CUSTOM THEME DISABLED
2026/08/01 14:26:59 logger.go:29: INFO: CUSTOM THEME DISABLED
2026/08/01 14:26:59 logger.go:29: INFO: CUSTOM THEME DISABLED
2026/08/01 14:27:47 logger.go:29: INFO: CUSTOM THEME DISABLED
2026/08/01 14:27:47 logger.go:29: INFO: CUSTOM THEME DISABLED
2026/08/01 14:27:58 logger.go:29: INFO: CUSTOM THEME DISABLED
2026/08/01 14:27:58 logger.go:29: INFO: CUSTOM THEME DISABLED
2026/08/01 14:34:33 logger.go:29: INFO: CUSTOM THEME DISABLED
2026/08/01 14:34:33 logger.go:29: INFO: CUSTOM THEME DISABLED
2026/08/01 14:36:31 logger.go:29: INFO: CUSTOM THEME DISABLED
2026/08/01 14:36:31 logger.go:29: INFO: CUSTOM THEME DISABLED
2026/08/01 14:37:00 logger.go:29: INFO: CUSTOM THEME DISABLED
2026/08/01 14:37:00 logger.go:29: INFO: CUSTOM THEME DISABLED
2026/08/01 14:37:08 logger.go:29: INFO: CUSTOM THEME DISABLED
2026/08/01 14:37:08 logger.go:29: INFO: CUSTOM THEME DISABLED
2026/08/01 14:37:36 logger.go:29: INFO: CUSTOM THEME DISABLED
2026/08/01 14:37:36 logger.go:29: INFO: CUSTOM THEME DISABLED
2026/08/01 14:38:51 logger.go:29: INFO: CUSTOM THEME DISABLED
2026/08/01 14:38:51 logger.go:29: INFO: CUSTOM THEME DISABLED
2026/08/01 14:38:54 logger.go:29: INFO: CUSTOM THEME DISABLED
2026/08/01 14:38:54 logger.go:29: INFO: CUSTOM THEME DISABLED
2026/08/01 14:40:30 logger.go:29: INFO: CUSTOM THEME DISABLED
2026/08/01 14:40:30 logger.go:29: INFO: CUSTOM THEME DISABLED
2026/08/01 14:41:33 logger.go:29: INFO: CUSTOM THEME DISABLED
2026/08/01 14:41:33 logger.go:29: INFO: CUSTOM THEME DISABLED
2026/08/01 15:24:09 logger.go:29: INFO: CUSTOM THEME DISABLED
2026/08/01 15:24:09 logger.go:29: INFO: CUSTOM THEME DISABLED
2026/08/01 15:24:23 logger.go:29: INFO: CUSTOM THEME DISABLED
2026/08/01 15:24:23 logger.go:29: INFO: CUSTOM THEME DISABLED
2026/08/01 15:24:46 logger.go:29: INFO: CUSTOM THEME DISABLED
2026/08/01 15:24:46 logger.go:29: INFO: CUSTOM THEME DISABLED
2026/08/01 15:25:32 logger.go:29: INFO: CUSTOM THEME DISABLED
2026/08/01 15:25:32 logger.go:29: INFO: CUSTOM THEME DISABLED
2026/08/01 15:26:38 logger.go:29: INFO: CUSTOM THEME DISABLED
2026/08/01 15:26:38 logger.go:29: INFO: CUSTOM THEME DISABLED
2026/08/01 15:27:21 logger.go:29: INFO: CUSTOM THEME DISABLED
2026/08/01 15:27:21 logger.go:29: INFO: CUSTOM THEME DISABLED
2026/08/01 15:27:44 logger.go:29: INFO: CUSTOM THEME DISABLED
2026/08/01 15:27:44 logger.go:29: INFO: CUSTOM THEME DISABLED
2026/08/01 15:28:14 logger.go:29: INFO: CUSTOM THEME DISABLED
2026/08/01 15:28:14 logger.go:29: INFO: CUSTOM THEME DISABLED
2026/08/01 15:30:58 logger.go:29: INFO: CUSTOM THEME DISABLED
2026/08/01 15:30:58 logger.go:29: INFO: CUSTOM THEME DISABLED
2026/08/01 15:32:21 logger.go:29: INFO: CUSTOM THEME DISABLED
2026/08/01 15:32:21 logger.go:29: INFO: CUSTOM THEME DISABLED
2026/08/01 15:32:45 logger.go:29: INFO: CUSTOM THEME DISABLED
2026/08/01 15:32:45 logger.go:29: INFO: CUSTOM THEME DISABLED
2026/08/01 15:32:49 logger.go:29: INFO: CUSTOM THEME DISABLED
2026/08/01 15:32:49 logger.go:29: INFO: CUSTOM THEME DISABLED
2026/08/01 15:32:55 logger.go:29: INFO: CUSTOM THEME DISABLED
2026/08/01 15:32:55 logger.go:29: INFO: CUSTOM THEME DISABLED
2026/08/01 15:33:05 logger.go:29: INFO: CUSTOM THEME DISABLED
2026/08/01 15:33:05 logger.go:29: INFO: CUSTOM THEME DISABLED
2026/08/01 15:34:23 logger.go:29: INFO: CUSTOM THEME DISABLED
2026/08/01 15:34:23 logger.go:29: INFO: CUSTOM THEME DISABLED
2026/08/01 15:38:51 logger.go:29: INFO: CUSTOM THEME DISABLED
2026/08/01 15:38:51 logger.go:29: INFO: CUSTOM THEME DISABLED
2026/08/01 15:48:00 logger.go:29: INFO: CUSTOM THEME DISABLED
2026/08/01 15:48:00 logger.go:29: INFO: CUSTOM THEME DISABLED
2026/08/01 15:48:10 logger.go:29: INFO: CUSTOM THEME DISABLED
2026/08/01 15:48:10 logger.go:29: INFO: CUSTOM THEME DISABLED
2026/08/01 15:48:20 logger.go:29: INFO: CUSTOM THEME DISABLED
2026/08/01 15:48:20 logger.go:29: INFO: CUSTOM THEME DISABLED
2026/08/01 15:48:26 logger.go:29: INFO: CUSTOM THEME DISABLED
2026/08/01 15:48:26 logger.go:29: INFO: CUSTOM THEME DISABLED
2026/08/01 15:48:31 logger.go:29: INFO: CUSTOM THEME DISABLED
2026/08/01 15:48:31 logger.go:29: INFO: CUSTOM THEME DISABLED
2026/08/01 15:49:40 logger.go:29: INFO: CUSTOM THEME DISABLED
2026/08/01 15:49:40 logger.go:29: INFO: CUSTOM THEME DISABLED
2026/08/01 15:51:46 logger.go:29: INFO: CUSTOM THEME DISABLED
2026/08/01 15:51:46 logger.go:29: INFO: CUSTOM THEME DISABLED
2026/08/01 15:51:52 logger.go:29: INFO: CUSTOM THEME DISABLED
2026/08/01 15:51:52 logger.go:29: INFO: CUSTOM THEME DISABLED
2026/08/01 15:52:16 logger.go:29: INFO: CUSTOM THEME DISABLED
2026/08/01 15:52:16 logger.go:29: INFO: CUSTOM THEME DISABLED
2026/08/01 15:52:16 logger.go:29: INFO: CUSTOM THEME DISABLED
2026/08/01 15:52:16 logger.go:29: INFO: CUSTOM THEME DISABLED
2026/08/01 15:52:16 logger.go:29: INFO: CUSTOM THEME DISABLED
2026/08/01 15:52:16 logger.go:29: INFO: CUSTOM THEME DISABLED
2026/08/01 15:52:17 logger.go:29: INFO: CUSTOM THEME DISABLED
2026/08/01 15:52:17 logger.go:29: INFO: CUSTOM THEME DISABLED
2026/08/01 15:52:17 logger.go:29: INFO: CUSTOM THEME DISABLED
2026/08/01 15:52:17 logger.go:29: INFO: CUSTOM THEME DISABLED
2026/08/01 15:52:30 logger.go:29: INFO: CUSTOM THEME DISABLED
2026/08/01 15:52:30 logger.go:29: INFO: CUSTOM THEME DISABLED
2026/08/01 15:52:30 logger.go:29: INFO: CUSTOM THEME DISABLED
2026/08/01 15:52:30 logger.go:29: INFO: CUSTOM THEME DISABLED
2026/08/01 16:29:51 logger.go:29: INFO: CUSTOM THEME DISABLED
2026/08/01 16:29:51 logger.go:29: INFO: CUSTOM THEME DISABLED
2026/08/01 17:47:24 logger.go:29: INFO: CUSTOM THEME DISABLED
2026/08/01 17:47:24 logger.go:29: INFO: CUSTOM THEME DISABLED
2026/08/01 17:48:24 logger.go:29: INFO: CUSTOM THEME DISABLED
2026/08/01 17:48:24 logger.go:29: INFO: CUSTOM THEME DISABLED
2026/08/01 18:06:39 logger.go:29: INFO: CUSTOM THEME DISABLED
2026/08/01 18:06:39 logger.go:29: INFO: CUSTOM THEME DISABLED
2026/08/01 18:06:54 logger.go:29: INFO: CUSTOM THEME DISABLED
2026/08/01 18:06:55 logger.go:29: INFO: CUSTOM THEME DISABLED
2026/08/01 18:06:55 logger.go:29: INFO: CUSTOM THEME DISABLED
2026/08/01 18:06:55 logger.go:37: WARN: Failed to get active window on Wayland: no suitable tool found (Hyprctl, Wlrctl)
2026/08/01 18:06:55 logger.go:37: WARN: Failed to get active window on Wayland: no suitable tool found (Hyprctl, Wlrctl)
2026/08/01 18:07:48 logger.go:29: INFO: CUSTOM THEME DISABLED
2026/08/01 18:07:48 logger.go:29: INFO: CUSTOM THEME DISABLED
2026/08/01 18:07:53 logger.go:29: INFO: CUSTOM THEME DISABLED
2026/08/01 18:07:53 logger.go:29: INFO: CUSTOM THEME DISABLED
2026/08/03 09:44:55 logger.go:29: INFO: CUSTOM THEME DISABLED
2026/08/03 09:44:55 logger.go:29: INFO: CUSTOM THEME DISABLED
2026/08/03 09:44:55 logger.go:29: INFO: CUSTOM THEME DISABLED
2026/08/03 09:44:55 logger.go:37: WARN: Failed to get active window on Wayland: no suitable tool found (Hyprctl, Wlrctl)
2026/08/03 09:44:55 logger.go:37: WARN: Failed to get active window on Wayland: no suitable tool found (Hyprctl, Wlrctl)
2026/08/03 10:27:24 logger.go:29: INFO: CUSTOM THEME DISABLED
2026/08/03 10:27:25 logger.go:29: INFO: CUSTOM THEME DISABLED
2026/08/03 10:27:25 logger.go:29: INFO: CUSTOM THEME DISABLED
2026/08/03 10:27:25 logger.go:37: WARN: Failed to get active window on Wayland: no suitable tool found (Hyprctl, Wlrctl)
2026/08/03 10:27:25 logger.go:37: WARN: Failed to get active window on Wayland: no suitable tool found (Hyprctl, Wlrctl)
2026/08/03 10:30:31 logger.go:29: INFO: CUSTOM THEME DISABLED
2026/08/03 10:30:31 logger.go:29: INFO: CUSTOM THEME DISABLED
2026/08/03 10:30:41 logger.go:29: INFO: CUSTOM THEME DISABLED
2026/08/03 10:30:42 logger.go:29: INFO: CUSTOM THEME DISABLED
2026/08/03 10:30:42 logger.go:29: INFO: CUSTOM THEME DISABLED
2026/08/03 10:30:42 logger.go:29: INFO: CUSTOM THEME DISABLED
2026/08/03 10:30:53 logger.go:29: INFO: CUSTOM THEME DISABLED
2026/08/03 10:30:53 logger.go:29: INFO: CUSTOM THEME DISABLED
2026/08/03 10:32:07 logger.go:29: INFO: CUSTOM THEME DISABLED
2026/08/03 10:32:07 logger.go:29: INFO: CUSTOM THEME DISABLED
2026/08/03 10:32:52 logger.go:29: INFO: CUSTOM THEME DISABLED
2026/08/03 10:32:52 logger.go:29: INFO: CUSTOM THEME DISABLED
2026/08/03 10:33:12 logger.go:29: INFO: CUSTOM THEME DISABLED
2026/08/03 10:33:12 logger.go:29: INFO: CUSTOM THEME DISABLED
2026/08/03 10:34:41 logger.go:29: INFO: CUSTOM THEME DISABLED
2026/08/03 10:34:41 logger.go:29: INFO: CUSTOM THEME DISABLED
2026/08/03 10:34:47 logger.go:29: INFO: CUSTOM THEME DISABLED
2026/08/03 10:34:47 logger.go:29: INFO: CUSTOM THEME DISABLED
2026/08/03 10:34:52 logger.go:29: INFO: CUSTOM THEME DISABLED
2026/08/03 10:34:52 logger.go:29: INFO: CUSTOM THEME DISABLED
2026/08/03 10:35:39 logger.go:29: INFO: CUSTOM THEME DISABLED
2026/08/03 10:35:39 logger.go:29: INFO: CUSTOM THEME DISABLED
2026/08/03 10:36:10 logger.go:29: INFO: CUSTOM THEME DISABLED
2026/08/03 10:36:10 logger.go:29: INFO: CUSTOM THEME DISABLED
2026/08/03 17:15:11 logger.go:29: INFO: CUSTOM THEME DISABLED
2026/08/03 17:15:11 logger.go:29: INFO: CUSTOM THEME DISABLED
2026/08/03 17:17:40 logger.go:29: INFO: CUSTOM THEME DISABLED
2026/08/03 17:17:40 logger.go:29: INFO: CUSTOM THEME DISABLED
2026/08/03 17:33:17 logger.go:29: INFO: CUSTOM THEME DISABLED
2026/08/03 17:33:17 logger.go:29: INFO: CUSTOM THEME DISABLED
2026/08/03 17:34:49 logger.go:29: INFO: CUSTOM THEME DISABLED
2026/08/03 17:34:49 logger.go:29: INFO: CUSTOM THEME DISABLED
2026/08/03 17:42:09 logger.go:29: INFO: CUSTOM THEME DISABLED
2026/08/03 17:42:09 logger.go:29: INFO: CUSTOM THEME DISABLED
2026/08/03 18:02:37 logger.go:29: INFO: CUSTOM THEME DISABLED
2026/08/03 18:02:37 logger.go:29: INFO: CUSTOM THEME DISABLED
2026/08/03 18:12:54 logger.go:29: INFO: CUSTOM THEME DISABLED
2026/08/03 18:12:54 logger.go:29: INFO: CUSTOM THEME DISABLED
2026/08/03 18:13:12 logger.go:29: INFO: CUSTOM THEME DISABLED
2026/08/03 18:13:12 logger.go:29: INFO: CUSTOM THEME DISABLED
2026/08/03 18:13:14 logger.go:29: INFO: CUSTOM THEME DISABLED
2026/08/03 18:13:14 logger.go:29: INFO: CUSTOM THEME DISABLED
2026/08/03 18:36:40 logger.go:29: INFO: CUSTOM THEME DISABLED
2026/08/03 18:36:40 logger.go:29: INFO: CUSTOM THEME DISABLED
2026/08/03 18:50:31 logger.go:29: INFO: CUSTOM THEME DISABLED
2026/08/03 18:50:31 logger.go:29: INFO: CUSTOM THEME DISABLED
2026/08/03 18:54:49 logger.go:29: INFO: CUSTOM THEME DISABLED
2026/08/03 18:54:50 logger.go:29: INFO: CUSTOM THEME DISABLED
2026/08/03 18:54:50 logger.go:29: INFO: CUSTOM THEME DISABLED
2026/08/03 18:54:50 logger.go:21: ERROR: failed to create virtual keyboard: failed to create virtual keyboard device: could not open device file
2026/08/03 18:54:50 logger.go:29: INFO: CUSTOM THEME DISABLED
2026/08/03 18:55:23 logger.go:29: INFO: CUSTOM THEME DISABLED
2026/08/03 18:55:23 logger.go:29: INFO: CUSTOM THEME DISABLED
2026/08/03 18:55:33 logger.go:29: INFO: CUSTOM THEME DISABLED
2026/08/03 18:55:33 logger.go:29: INFO: CUSTOM THEME DISABLED
2026/08/03 21:25:42 logger.go:29: INFO: CUSTOM THEME DISABLED
2026/08/03 21:25:42 logger.go:29: INFO: CUSTOM THEME DISABLED
2026/08/03 21:26:14 logger.go:29: INFO: CUSTOM THEME DISABLED
2026/08/03 21:26:14 logger.go:29: INFO: CUSTOM THEME DISABLED
2026/08/03 21:26:25 logger.go:29: INFO: CUSTOM THEME DISABLED
2026/08/03 21:26:25 logger.go:29: INFO: CUSTOM THEME DISABLED
2026/08/03 21:26:30 logger.go:29: INFO: CUSTOM THEME DISABLED
2026/08/03 21:26:30 logger.go:29: INFO: CUSTOM THEME DISABLED
2026/08/03 21:26:36 logger.go:29: INFO: CUSTOM THEME DISABLED
2026/08/03 21:26:36 logger.go:29: INFO: CUSTOM THEME DISABLED
2026/08/04 07:44:36 logger.go:29: INFO: CUSTOM THEME DISABLED
2026/08/04 07:44:36 logger.go:29: INFO: CUSTOM THEME DISABLED
2026/08/04 09:00:05 logger.go:29: INFO: CUSTOM THEME DISABLED
2026/08/04 09:00:05 logger.go:29: INFO: CUSTOM THEME DISABLED
2026/08/04 09:00:07 logger.go:29: INFO: CUSTOM THEME DISABLED
2026/08/04 09:00:07 logger.go:29: INFO: CUSTOM THEME DISABLED
2026/08/04 09:00:54 logger.go:29: INFO: CUSTOM THEME DISABLED
2026/08/04 09:00:54 logger.go:29: INFO: CUSTOM THEME DISABLED
2026/08/04 09:00:54 logger.go:29: INFO: CUSTOM THEME DISABLED
2026/08/04 09:00:54 logger.go:29: INFO: CUSTOM THEME DISABLED
